// Jest Snapshot v1, https://goo.gl/fbAQLP

exports[`undoRedo 1`] = `
Object {
  "f": Array [
    Array [
      "type",
      "MENU_ITEM",
    ],
    Array [
      "index",
      200,
    ],
    Array [
      "value",
      Object {
        "$": "ReactElement",
        "children": Array [
          Object {
            "$": "ReactElement",
            "children": Array [
              "Undo",
            ],
            "props": Object {
              "f": Array [
                Array [
                  "onClick",
                  Object {
                    "r": 0,
                  },
                ],
                Array [
                  "children",
                  Object {
                    "$": "undefined",
                  },
                ],
                Array [
                  "key",
                  ".0",
                ],
              ],
            },
            "type": "button",
          },
        ],
        "props": Object {
          "f": Array [
            Array [
              "children",
              Object {
                "$": "undefined",
              },
            ],
          ],
        },
        "type": Object {
          "$": "Symbol",
          "key": "react.fragment",
        },
      },
    ],
  ],
  "x": Array [
    Object {
      "$": "Bind",
      "args": Array [
        Object {
          "$": "undefined",
        },
        "UNDO",
        Object {
          "$": "undefined",
        },
      ],
      "f": Array [
        Array [
          "prototype",
          Object {
            "f": Array [
              Array [
                "constructor",
                Object {
                  "r": 0,
                },
                2,
              ],
            ],
          },
          3,
        ],
      ],
      "func": Object {
        "$": "_signal",
      },
      "self": null,
    },
  ],
}
`;

exports[`undoRedo 2`] = `
Object {
  "f": Array [
    Array [
      "type",
      "VALUE",
    ],
    Array [
      "value",
      1,
    ],
  ],
}
`;

exports[`undoRedo 3`] = `
Object {
  "f": Array [
    Array [
      "type",
      "MENU_ITEM",
    ],
    Array [
      "index",
      200,
    ],
    Array [
      "value",
      Object {
        "$": "ReactElement",
        "children": Array [
          Object {
            "$": "ReactElement",
            "children": Array [
              "Undo",
            ],
            "props": Object {
              "f": Array [
                Array [
                  "onClick",
                  Object {
                    "r": 0,
                  },
                ],
                Array [
                  "children",
                  Object {
                    "$": "undefined",
                  },
                ],
                Array [
                  "key",
                  ".0",
                ],
              ],
            },
            "type": "button",
          },
        ],
        "props": Object {
          "f": Array [
            Array [
              "children",
              Object {
                "$": "undefined",
              },
            ],
          ],
        },
        "type": Object {
          "$": "Symbol",
          "key": "react.fragment",
        },
      },
    ],
  ],
  "x": Array [
    Object {
      "$": "Bind",
      "args": Array [
        Object {
          "$": "undefined",
        },
        "UNDO",
        Object {
          "$": "undefined",
        },
      ],
      "f": Array [
        Array [
          "prototype",
          Object {
            "f": Array [
              Array [
                "constructor",
                Object {
                  "r": 0,
                },
                2,
              ],
            ],
          },
          3,
        ],
      ],
      "func": Object {
        "$": "_signal",
      },
      "self": null,
    },
  ],
}
`;

exports[`undoRedo 4`] = `
Object {
  "f": Array [
    Array [
      "type",
      "VALUE",
    ],
    Array [
      "value",
      2,
    ],
  ],
}
`;

exports[`undoRedo 5`] = `
Object {
  "f": Array [
    Array [
      "type",
      "MENU_ITEM",
    ],
    Array [
      "index",
      200,
    ],
    Array [
      "value",
      Object {
        "$": "ReactElement",
        "children": Array [
          Object {
            "$": "ReactElement",
            "children": Array [
              "Undo",
            ],
            "props": Object {
              "f": Array [
                Array [
                  "onClick",
                  Object {
                    "r": 0,
                  },
                ],
                Array [
                  "children",
                  Object {
                    "$": "undefined",
                  },
                ],
                Array [
                  "key",
                  ".0",
                ],
              ],
            },
            "type": "button",
          },
        ],
        "props": Object {
          "f": Array [
            Array [
              "children",
              Object {
                "$": "undefined",
              },
            ],
          ],
        },
        "type": Object {
          "$": "Symbol",
          "key": "react.fragment",
        },
      },
    ],
  ],
  "x": Array [
    Object {
      "$": "Bind",
      "args": Array [
        Object {
          "$": "undefined",
        },
        "UNDO",
        Object {
          "$": "undefined",
        },
      ],
      "f": Array [
        Array [
          "prototype",
          Object {
            "f": Array [
              Array [
                "constructor",
                Object {
                  "r": 0,
                },
                2,
              ],
            ],
          },
          3,
        ],
      ],
      "func": Object {
        "$": "_signal",
      },
      "self": null,
    },
  ],
}
`;

exports[`undoRedo 6`] = `
Object {
  "f": Array [
    Array [
      "type",
      "VALUE",
    ],
    Array [
      "value",
      3,
    ],
  ],
}
`;

exports[`undoRedo 7`] = `
Object {
  "f": Array [
    Array [
      "type",
      "MENU_ITEM",
    ],
    Array [
      "index",
      200,
    ],
    Array [
      "value",
      Object {
        "$": "ReactElement",
        "children": Array [
          Object {
            "$": "ReactElement",
            "children": Array [
              "Undo",
            ],
            "props": Object {
              "f": Array [
                Array [
                  "onClick",
                  Object {
                    "r": 1,
                  },
                ],
                Array [
                  "children",
                  Object {
                    "$": "undefined",
                  },
                ],
                Array [
                  "key",
                  ".0",
                ],
              ],
            },
            "type": "button",
          },
          Object {
            "$": "ReactElement",
            "children": Array [
              "Redo",
            ],
            "props": Object {
              "f": Array [
                Array [
                  "onClick",
                  Object {
                    "r": 2,
                  },
                ],
                Array [
                  "children",
                  Object {
                    "$": "undefined",
                  },
                ],
                Array [
                  "key",
                  ".1",
                ],
              ],
            },
            "type": "button",
          },
        ],
        "props": Object {
          "f": Array [
            Array [
              "children",
              Object {
                "$": "undefined",
              },
            ],
          ],
        },
        "type": Object {
          "$": "Symbol",
          "key": "react.fragment",
        },
      },
    ],
  ],
  "x": Array [
    Object {
      "$": "_signal",
    },
    Object {
      "$": "Bind",
      "args": Array [
        Object {
          "$": "undefined",
        },
        "UNDO",
        Object {
          "$": "undefined",
        },
      ],
      "f": Array [
        Array [
          "prototype",
          Object {
            "f": Array [
              Array [
                "constructor",
                Object {
                  "r": 1,
                },
                2,
              ],
            ],
          },
          3,
        ],
      ],
      "func": Object {
        "r": 0,
      },
      "self": null,
    },
    Object {
      "$": "Bind",
      "args": Array [
        Object {
          "$": "undefined",
        },
        "REDO",
        Object {
          "$": "undefined",
        },
      ],
      "f": Array [
        Array [
          "prototype",
          Object {
            "f": Array [
              Array [
                "constructor",
                Object {
                  "r": 2,
                },
                2,
              ],
            ],
          },
          3,
        ],
      ],
      "func": Object {
        "r": 0,
      },
      "self": null,
    },
  ],
}
`;

exports[`undoRedo 8`] = `
Object {
  "f": Array [
    Array [
      "type",
      "VALUE",
    ],
    Array [
      "value",
      2,
    ],
  ],
}
`;

exports[`undoRedo 9`] = `
Object {
  "f": Array [
    Array [
      "type",
      "MENU_ITEM",
    ],
    Array [
      "index",
      200,
    ],
    Array [
      "value",
      Object {
        "$": "ReactElement",
        "children": Array [
          Object {
            "$": "ReactElement",
            "children": Array [
              "Undo",
            ],
            "props": Object {
              "f": Array [
                Array [
                  "onClick",
                  Object {
                    "r": 1,
                  },
                ],
                Array [
                  "children",
                  Object {
                    "$": "undefined",
                  },
                ],
                Array [
                  "key",
                  ".0",
                ],
              ],
            },
            "type": "button",
          },
          Object {
            "$": "ReactElement",
            "children": Array [
              "Redo",
            ],
            "props": Object {
              "f": Array [
                Array [
                  "onClick",
                  Object {
                    "r": 2,
                  },
                ],
                Array [
                  "children",
                  Object {
                    "$": "undefined",
                  },
                ],
                Array [
                  "key",
                  ".1",
                ],
              ],
            },
            "type": "button",
          },
        ],
        "props": Object {
          "f": Array [
            Array [
              "children",
              Object {
                "$": "undefined",
              },
            ],
          ],
        },
        "type": Object {
          "$": "Symbol",
          "key": "react.fragment",
        },
      },
    ],
  ],
  "x": Array [
    Object {
      "$": "_signal",
    },
    Object {
      "$": "Bind",
      "args": Array [
        Object {
          "$": "undefined",
        },
        "UNDO",
        Object {
          "$": "undefined",
        },
      ],
      "f": Array [
        Array [
          "prototype",
          Object {
            "f": Array [
              Array [
                "constructor",
                Object {
                  "r": 1,
                },
                2,
              ],
            ],
          },
          3,
        ],
      ],
      "func": Object {
        "r": 0,
      },
      "self": null,
    },
    Object {
      "$": "Bind",
      "args": Array [
        Object {
          "$": "undefined",
        },
        "REDO",
        Object {
          "$": "undefined",
        },
      ],
      "f": Array [
        Array [
          "prototype",
          Object {
            "f": Array [
              Array [
                "constructor",
                Object {
                  "r": 2,
                },
                2,
              ],
            ],
          },
          3,
        ],
      ],
      "func": Object {
        "r": 0,
      },
      "self": null,
    },
  ],
}
`;

exports[`undoRedo 10`] = `
Object {
  "f": Array [
    Array [
      "type",
      "VALUE",
    ],
    Array [
      "value",
      1,
    ],
  ],
}
`;

exports[`undoRedo 11`] = `
Object {
  "f": Array [
    Array [
      "type",
      "MENU_ITEM",
    ],
    Array [
      "index",
      200,
    ],
    Array [
      "value",
      Object {
        "$": "ReactElement",
        "children": Array [
          Object {
            "$": "ReactElement",
            "children": Array [
              "Undo",
            ],
            "props": Object {
              "f": Array [
                Array [
                  "onClick",
                  Object {
                    "r": 1,
                  },
                ],
                Array [
                  "children",
                  Object {
                    "$": "undefined",
                  },
                ],
                Array [
                  "key",
                  ".0",
                ],
              ],
            },
            "type": "button",
          },
          Object {
            "$": "ReactElement",
            "children": Array [
              "Redo",
            ],
            "props": Object {
              "f": Array [
                Array [
                  "onClick",
                  Object {
                    "r": 2,
                  },
                ],
                Array [
                  "children",
                  Object {
                    "$": "undefined",
                  },
                ],
                Array [
                  "key",
                  ".1",
                ],
              ],
            },
            "type": "button",
          },
        ],
        "props": Object {
          "f": Array [
            Array [
              "children",
              Object {
                "$": "undefined",
              },
            ],
          ],
        },
        "type": Object {
          "$": "Symbol",
          "key": "react.fragment",
        },
      },
    ],
  ],
  "x": Array [
    Object {
      "$": "_signal",
    },
    Object {
      "$": "Bind",
      "args": Array [
        Object {
          "$": "undefined",
        },
        "UNDO",
        Object {
          "$": "undefined",
        },
      ],
      "f": Array [
        Array [
          "prototype",
          Object {
            "f": Array [
              Array [
                "constructor",
                Object {
                  "r": 1,
                },
                2,
              ],
            ],
          },
          3,
        ],
      ],
      "func": Object {
        "r": 0,
      },
      "self": null,
    },
    Object {
      "$": "Bind",
      "args": Array [
        Object {
          "$": "undefined",
        },
        "REDO",
        Object {
          "$": "undefined",
        },
      ],
      "f": Array [
        Array [
          "prototype",
          Object {
            "f": Array [
              Array [
                "constructor",
                Object {
                  "r": 2,
                },
                2,
              ],
            ],
          },
          3,
        ],
      ],
      "func": Object {
        "r": 0,
      },
      "self": null,
    },
  ],
}
`;

exports[`undoRedo 12`] = `
Object {
  "f": Array [
    Array [
      "type",
      "VALUE",
    ],
    Array [
      "value",
      2,
    ],
  ],
}
`;

exports[`undoRedo 13`] = `
Object {
  "f": Array [
    Array [
      "type",
      "MENU_ITEM",
    ],
    Array [
      "index",
      200,
    ],
    Array [
      "value",
      Object {
        "$": "ReactElement",
        "children": Array [
          Object {
            "$": "ReactElement",
            "children": Array [
              "Undo",
            ],
            "props": Object {
              "f": Array [
                Array [
                  "onClick",
                  Object {
                    "r": 0,
                  },
                ],
                Array [
                  "children",
                  Object {
                    "$": "undefined",
                  },
                ],
                Array [
                  "key",
                  ".0",
                ],
              ],
            },
            "type": "button",
          },
        ],
        "props": Object {
          "f": Array [
            Array [
              "children",
              Object {
                "$": "undefined",
              },
            ],
          ],
        },
        "type": Object {
          "$": "Symbol",
          "key": "react.fragment",
        },
      },
    ],
  ],
  "x": Array [
    Object {
      "$": "Bind",
      "args": Array [
        Object {
          "$": "undefined",
        },
        "UNDO",
        Object {
          "$": "undefined",
        },
      ],
      "f": Array [
        Array [
          "prototype",
          Object {
            "f": Array [
              Array [
                "constructor",
                Object {
                  "r": 0,
                },
                2,
              ],
            ],
          },
          3,
        ],
      ],
      "func": Object {
        "$": "_signal",
      },
      "self": null,
    },
  ],
}
`;

exports[`undoRedo 14`] = `
Object {
  "f": Array [
    Array [
      "type",
      "VALUE",
    ],
    Array [
      "value",
      3,
    ],
  ],
}
`;

exports[`undoRedo 15`] = `
Object {
  "f": Array [
    Array [
      "type",
      "MENU_ITEM",
    ],
    Array [
      "index",
      200,
    ],
    Array [
      "value",
      Object {
        "$": "ReactElement",
        "children": Array [
          Object {
            "$": "ReactElement",
            "children": Array [
              "Undo",
            ],
            "props": Object {
              "f": Array [
                Array [
                  "onClick",
                  Object {
                    "r": 1,
                  },
                ],
                Array [
                  "children",
                  Object {
                    "$": "undefined",
                  },
                ],
                Array [
                  "key",
                  ".0",
                ],
              ],
            },
            "type": "button",
          },
          Object {
            "$": "ReactElement",
            "children": Array [
              "Redo",
            ],
            "props": Object {
              "f": Array [
                Array [
                  "onClick",
                  Object {
                    "r": 2,
                  },
                ],
                Array [
                  "children",
                  Object {
                    "$": "undefined",
                  },
                ],
                Array [
                  "key",
                  ".1",
                ],
              ],
            },
            "type": "button",
          },
        ],
        "props": Object {
          "f": Array [
            Array [
              "children",
              Object {
                "$": "undefined",
              },
            ],
          ],
        },
        "type": Object {
          "$": "Symbol",
          "key": "react.fragment",
        },
      },
    ],
  ],
  "x": Array [
    Object {
      "$": "_signal",
    },
    Object {
      "$": "Bind",
      "args": Array [
        Object {
          "$": "undefined",
        },
        "UNDO",
        Object {
          "$": "undefined",
        },
      ],
      "f": Array [
        Array [
          "prototype",
          Object {
            "f": Array [
              Array [
                "constructor",
                Object {
                  "r": 1,
                },
                2,
              ],
            ],
          },
          3,
        ],
      ],
      "func": Object {
        "r": 0,
      },
      "self": null,
    },
    Object {
      "$": "Bind",
      "args": Array [
        Object {
          "$": "undefined",
        },
        "REDO",
        Object {
          "$": "undefined",
        },
      ],
      "f": Array [
        Array [
          "prototype",
          Object {
            "f": Array [
              Array [
                "constructor",
                Object {
                  "r": 2,
                },
                2,
              ],
            ],
          },
          3,
        ],
      ],
      "func": Object {
        "r": 0,
      },
      "self": null,
    },
  ],
}
`;

exports[`undoRedo 16`] = `
Object {
  "f": Array [
    Array [
      "type",
      "VALUE",
    ],
    Array [
      "value",
      2,
    ],
  ],
}
`;

exports[`undoRedo 17`] = `
Object {
  "f": Array [
    Array [
      "type",
      "MENU_ITEM",
    ],
    Array [
      "index",
      200,
    ],
    Array [
      "value",
      Object {
        "$": "ReactElement",
        "children": Array [
          Object {
            "$": "ReactElement",
            "children": Array [
              "Undo",
            ],
            "props": Object {
              "f": Array [
                Array [
                  "onClick",
                  Object {
                    "r": 0,
                  },
                ],
                Array [
                  "children",
                  Object {
                    "$": "undefined",
                  },
                ],
                Array [
                  "key",
                  ".0",
                ],
              ],
            },
            "type": "button",
          },
        ],
        "props": Object {
          "f": Array [
            Array [
              "children",
              Object {
                "$": "undefined",
              },
            ],
          ],
        },
        "type": Object {
          "$": "Symbol",
          "key": "react.fragment",
        },
      },
    ],
  ],
  "x": Array [
    Object {
      "$": "Bind",
      "args": Array [
        Object {
          "$": "undefined",
        },
        "UNDO",
        Object {
          "$": "undefined",
        },
      ],
      "f": Array [
        Array [
          "prototype",
          Object {
            "f": Array [
              Array [
                "constructor",
                Object {
                  "r": 0,
                },
                2,
              ],
            ],
          },
          3,
        ],
      ],
      "func": Object {
        "$": "_signal",
      },
      "self": null,
    },
  ],
}
`;

exports[`undoRedo 18`] = `
Object {
  "f": Array [
    Array [
      "type",
      "VALUE",
    ],
    Array [
      "value",
      3,
    ],
  ],
}
`;

exports[`undoRedo 19`] = `
Object {
  "f": Array [
    Array [
      "type",
      "MENU_ITEM",
    ],
    Array [
      "index",
      200,
    ],
    Array [
      "value",
      Object {
        "$": "ReactElement",
        "children": Array [
          Object {
            "$": "ReactElement",
            "children": Array [
              "Undo",
            ],
            "props": Object {
              "f": Array [
                Array [
                  "onClick",
                  Object {
                    "r": 1,
                  },
                ],
                Array [
                  "children",
                  Object {
                    "$": "undefined",
                  },
                ],
                Array [
                  "key",
                  ".0",
                ],
              ],
            },
            "type": "button",
          },
          Object {
            "$": "ReactElement",
            "children": Array [
              "Redo",
            ],
            "props": Object {
              "f": Array [
                Array [
                  "onClick",
                  Object {
                    "r": 2,
                  },
                ],
                Array [
                  "children",
                  Object {
                    "$": "undefined",
                  },
                ],
                Array [
                  "key",
                  ".1",
                ],
              ],
            },
            "type": "button",
          },
        ],
        "props": Object {
          "f": Array [
            Array [
              "children",
              Object {
                "$": "undefined",
              },
            ],
          ],
        },
        "type": Object {
          "$": "Symbol",
          "key": "react.fragment",
        },
      },
    ],
  ],
  "x": Array [
    Object {
      "$": "_signal",
    },
    Object {
      "$": "Bind",
      "args": Array [
        Object {
          "$": "undefined",
        },
        "UNDO",
        Object {
          "$": "undefined",
        },
      ],
      "f": Array [
        Array [
          "prototype",
          Object {
            "f": Array [
              Array [
                "constructor",
                Object {
                  "r": 1,
                },
                2,
              ],
            ],
          },
          3,
        ],
      ],
      "func": Object {
        "r": 0,
      },
      "self": null,
    },
    Object {
      "$": "Bind",
      "args": Array [
        Object {
          "$": "undefined",
        },
        "REDO",
        Object {
          "$": "undefined",
        },
      ],
      "f": Array [
        Array [
          "prototype",
          Object {
            "f": Array [
              Array [
                "constructor",
                Object {
                  "r": 2,
                },
                2,
              ],
            ],
          },
          3,
        ],
      ],
      "func": Object {
        "r": 0,
      },
      "self": null,
    },
  ],
}
`;

exports[`undoRedo 20`] = `
Object {
  "f": Array [
    Array [
      "type",
      "VALUE",
    ],
    Array [
      "value",
      2,
    ],
  ],
}
`;
