// Jest Snapshot v1, https://goo.gl/fbAQLP

exports[`tracing 1`] = `
Array [
  Array [
    "Step #0@statement",
    undefined,
  ],
  Array [
    "  f@/__fixtures__/mod1.js:1:0-1:29",
  ],
  Array [
    "Step #1@statement",
    undefined,
  ],
  Array [
    "  f@/__fixtures__/mod2.js:1:0-1:12",
  ],
  Array [
    "  f@/__fixtures__/mod1.js:1:0-1:29",
  ],
  Array [
    "Step #2@return",
    Object {
      "__esModule": true,
      "f1": [Function],
      "f2": [Function],
    },
  ],
  Array [
    "  f@/__fixtures__/mod1.js:1:0-1:29",
  ],
  Array [
    "Step #3@statement",
    Object {
      "__esModule": true,
      "f1": [Function],
      "f2": [Function],
    },
  ],
  Array [
    "  f@/__fixtures__/mod1.js:3:0-3:10",
  ],
  Array [
    "Step #4@statement",
    Object {
      "__esModule": true,
      "f1": [Function],
      "f2": [Function],
    },
  ],
  Array [
    "  f@/__fixtures__/mod1.js:12:0-12:6",
  ],
  Array [
    "Step #5@statement",
    undefined,
  ],
  Array [
    "  _run@/__fixtures__/mod1.js:6:2-6:9",
  ],
  Array [
    "  f@/__fixtures__/mod1.js:12:0-12:6",
  ],
  Array [
    "Step #6@statement",
    undefined,
  ],
  Array [
    "  _run@/__fixtures__/mod1.js:7:2-7:23",
  ],
  Array [
    "  f@/__fixtures__/mod1.js:12:0-12:6",
  ],
  Array [
    "Step #7@statement",
    undefined,
  ],
  Array [
    "  _f1@/__fixtures__/mod2.js:14:2-14:8",
  ],
  Array [
    "  _run@/__fixtures__/mod1.js:7:2-7:23",
  ],
  Array [
    "  f@/__fixtures__/mod1.js:12:0-12:6",
  ],
  Array [
    "Step #8@statement",
    undefined,
  ],
  Array [
    "  _f1@/__fixtures__/mod2.js:15:2-15:32",
  ],
  Array [
    "  _run@/__fixtures__/mod1.js:7:2-7:23",
  ],
  Array [
    "  f@/__fixtures__/mod1.js:12:0-12:6",
  ],
  Array [
    "f1:1@1",
  ],
  Array [
    "Step #9@statement",
    undefined,
  ],
  Array [
    "  _f1@/__fixtures__/mod2.js:16:2-16:23",
  ],
  Array [
    "  _run@/__fixtures__/mod1.js:7:2-7:23",
  ],
  Array [
    "  f@/__fixtures__/mod1.js:12:0-12:6",
  ],
  Array [
    "Step #10@statement",
    undefined,
  ],
  Array [
    "  _A@/__fixtures__/mod2.js:4:2-4:24",
  ],
  Array [
    "  _f1@/__fixtures__/mod2.js:16:2-16:23",
  ],
  Array [
    "  _run@/__fixtures__/mod1.js:7:2-7:23",
  ],
  Array [
    "  f@/__fixtures__/mod1.js:12:0-12:6",
  ],
  Array [
    "Step #11@statement",
    undefined,
  ],
  Array [
    "  _A@/__fixtures__/mod2.js:5:2-5:22",
  ],
  Array [
    "  _f1@/__fixtures__/mod2.js:16:2-16:23",
  ],
  Array [
    "  _run@/__fixtures__/mod1.js:7:2-7:23",
  ],
  Array [
    "  f@/__fixtures__/mod1.js:12:0-12:6",
  ],
  Array [
    "Step #12@statement",
    undefined,
  ],
  Array [
    "  _B@/__fixtures__/mod2.js:9:2-9:13",
  ],
  Array [
    "  _A@/__fixtures__/mod2.js:5:2-5:22",
  ],
  Array [
    "  _f1@/__fixtures__/mod2.js:16:2-16:23",
  ],
  Array [
    "  _run@/__fixtures__/mod1.js:7:2-7:23",
  ],
  Array [
    "  f@/__fixtures__/mod1.js:12:0-12:6",
  ],
  Array [
    "Step #13@statement",
    undefined,
  ],
  Array [
    "  _B@/__fixtures__/mod2.js:10:2-10:26",
  ],
  Array [
    "  _A@/__fixtures__/mod2.js:5:2-5:22",
  ],
  Array [
    "  _f1@/__fixtures__/mod2.js:16:2-16:23",
  ],
  Array [
    "  _run@/__fixtures__/mod1.js:7:2-7:23",
  ],
  Array [
    "  f@/__fixtures__/mod1.js:12:0-12:6",
  ],
  Array [
    "Step #14@return",
    Object {
      "b": _B {
        "i": 100,
      },
      "cnt": 1,
    },
  ],
  Array [
    "  _A@/__fixtures__/mod2.js:5:2-5:22",
  ],
  Array [
    "  _f1@/__fixtures__/mod2.js:16:2-16:23",
  ],
  Array [
    "  _run@/__fixtures__/mod1.js:7:2-7:23",
  ],
  Array [
    "  f@/__fixtures__/mod1.js:12:0-12:6",
  ],
  Array [
    "Step #15@return",
    _A {
      "b": Object {
        "b": _B {
          "i": 100,
        },
        "cnt": 1,
      },
      "i": 11,
    },
  ],
  Array [
    "  _f1@/__fixtures__/mod2.js:16:2-16:23",
  ],
  Array [
    "  _run@/__fixtures__/mod1.js:7:2-7:23",
  ],
  Array [
    "  f@/__fixtures__/mod1.js:12:0-12:6",
  ],
  Array [
    "Step #16@statement",
    _A {
      "b": Object {
        "b": _B {
          "i": 100,
        },
        "cnt": 1,
      },
      "i": 11,
    },
  ],
  Array [
    "  _f1@/__fixtures__/mod2.js:17:2-17:23",
  ],
  Array [
    "  _run@/__fixtures__/mod1.js:7:2-7:23",
  ],
  Array [
    "  f@/__fixtures__/mod1.js:12:0-12:6",
  ],
  Array [
    "A:",
    _A {
      "b": Object {
        "b": _B {
          "i": 100,
        },
        "cnt": 1,
      },
      "i": 11,
    },
  ],
  Array [
    "Step #17@statement",
    undefined,
  ],
  Array [
    "  _f1@/__fixtures__/mod2.js:18:2-18:13",
  ],
  Array [
    "  _run@/__fixtures__/mod1.js:7:2-7:23",
  ],
  Array [
    "  f@/__fixtures__/mod1.js:12:0-12:6",
  ],
  Array [
    "Step #18@return",
    1,
  ],
  Array [
    "  _run@/__fixtures__/mod1.js:7:2-7:23",
  ],
  Array [
    "  f@/__fixtures__/mod1.js:12:0-12:6",
  ],
  Array [
    "Step #19@statement",
    undefined,
  ],
  Array [
    "  _f2@/__fixtures__/mod2.js:22:2-22:8",
  ],
  Array [
    "  _run@/__fixtures__/mod1.js:7:2-7:23",
  ],
  Array [
    "  f@/__fixtures__/mod1.js:12:0-12:6",
  ],
  Array [
    "Step #20@statement",
    undefined,
  ],
  Array [
    "  _f2@/__fixtures__/mod2.js:23:2-23:32",
  ],
  Array [
    "  _run@/__fixtures__/mod1.js:7:2-7:23",
  ],
  Array [
    "  f@/__fixtures__/mod1.js:12:0-12:6",
  ],
  Array [
    "f2:1@2",
  ],
  Array [
    "Step #21@return",
    undefined,
  ],
  Array [
    "  _run@/__fixtures__/mod1.js:7:2-7:23",
  ],
  Array [
    "  f@/__fixtures__/mod1.js:12:0-12:6",
  ],
  Array [
    "Step #22@statement",
    undefined,
  ],
  Array [
    "  _run@/__fixtures__/mod1.js:8:2-8:9",
  ],
  Array [
    "  f@/__fixtures__/mod1.js:12:0-12:6",
  ],
  Array [
    "Step #23@statement",
    undefined,
  ],
  Array [
    "  _run@/__fixtures__/mod1.js:9:2-9:31",
  ],
  Array [
    "  f@/__fixtures__/mod1.js:12:0-12:6",
  ],
  Array [
    "i:2,j:3",
  ],
  Array [
    "Step #24@return",
    undefined,
  ],
  Array [
    "  f@/__fixtures__/mod1.js:12:0-12:6",
  ],
  Array [
    "Step #25@statement",
    undefined,
  ],
  Array [
    "  f@/__fixtures__/mod1.js:13:0-13:6",
  ],
  Array [
    "Step #26@statement",
    undefined,
  ],
  Array [
    "  _run@/__fixtures__/mod1.js:6:2-6:9",
  ],
  Array [
    "  f@/__fixtures__/mod1.js:13:0-13:6",
  ],
  Array [
    "Step #27@statement",
    undefined,
  ],
  Array [
    "  _run@/__fixtures__/mod1.js:7:2-7:23",
  ],
  Array [
    "  f@/__fixtures__/mod1.js:13:0-13:6",
  ],
  Array [
    "Step #28@statement",
    undefined,
  ],
  Array [
    "  _f1@/__fixtures__/mod2.js:14:2-14:8",
  ],
  Array [
    "  _run@/__fixtures__/mod1.js:7:2-7:23",
  ],
  Array [
    "  f@/__fixtures__/mod1.js:13:0-13:6",
  ],
  Array [
    "Step #29@statement",
    undefined,
  ],
  Array [
    "  _f1@/__fixtures__/mod2.js:15:2-15:32",
  ],
  Array [
    "  _run@/__fixtures__/mod1.js:7:2-7:23",
  ],
  Array [
    "  f@/__fixtures__/mod1.js:13:0-13:6",
  ],
  Array [
    "f1:1@3",
  ],
  Array [
    "Step #30@statement",
    undefined,
  ],
  Array [
    "  _f1@/__fixtures__/mod2.js:16:2-16:23",
  ],
  Array [
    "  _run@/__fixtures__/mod1.js:7:2-7:23",
  ],
  Array [
    "  f@/__fixtures__/mod1.js:13:0-13:6",
  ],
  Array [
    "Step #31@statement",
    undefined,
  ],
  Array [
    "  _A@/__fixtures__/mod2.js:4:2-4:24",
  ],
  Array [
    "  _f1@/__fixtures__/mod2.js:16:2-16:23",
  ],
  Array [
    "  _run@/__fixtures__/mod1.js:7:2-7:23",
  ],
  Array [
    "  f@/__fixtures__/mod1.js:13:0-13:6",
  ],
  Array [
    "Step #32@statement",
    undefined,
  ],
  Array [
    "  _A@/__fixtures__/mod2.js:5:2-5:22",
  ],
  Array [
    "  _f1@/__fixtures__/mod2.js:16:2-16:23",
  ],
  Array [
    "  _run@/__fixtures__/mod1.js:7:2-7:23",
  ],
  Array [
    "  f@/__fixtures__/mod1.js:13:0-13:6",
  ],
  Array [
    "Step #33@statement",
    undefined,
  ],
  Array [
    "  _B@/__fixtures__/mod2.js:9:2-9:13",
  ],
  Array [
    "  _A@/__fixtures__/mod2.js:5:2-5:22",
  ],
  Array [
    "  _f1@/__fixtures__/mod2.js:16:2-16:23",
  ],
  Array [
    "  _run@/__fixtures__/mod1.js:7:2-7:23",
  ],
  Array [
    "  f@/__fixtures__/mod1.js:13:0-13:6",
  ],
  Array [
    "Step #34@statement",
    undefined,
  ],
  Array [
    "  _B@/__fixtures__/mod2.js:10:2-10:26",
  ],
  Array [
    "  _A@/__fixtures__/mod2.js:5:2-5:22",
  ],
  Array [
    "  _f1@/__fixtures__/mod2.js:16:2-16:23",
  ],
  Array [
    "  _run@/__fixtures__/mod1.js:7:2-7:23",
  ],
  Array [
    "  f@/__fixtures__/mod1.js:13:0-13:6",
  ],
  Array [
    "Step #35@return",
    Object {
      "b": _B {
        "i": 100,
      },
      "cnt": 3,
    },
  ],
  Array [
    "  _A@/__fixtures__/mod2.js:5:2-5:22",
  ],
  Array [
    "  _f1@/__fixtures__/mod2.js:16:2-16:23",
  ],
  Array [
    "  _run@/__fixtures__/mod1.js:7:2-7:23",
  ],
  Array [
    "  f@/__fixtures__/mod1.js:13:0-13:6",
  ],
  Array [
    "Step #36@return",
    _A {
      "b": Object {
        "b": _B {
          "i": 100,
        },
        "cnt": 3,
      },
      "i": 33,
    },
  ],
  Array [
    "  _f1@/__fixtures__/mod2.js:16:2-16:23",
  ],
  Array [
    "  _run@/__fixtures__/mod1.js:7:2-7:23",
  ],
  Array [
    "  f@/__fixtures__/mod1.js:13:0-13:6",
  ],
  Array [
    "Step #37@statement",
    _A {
      "b": Object {
        "b": _B {
          "i": 100,
        },
        "cnt": 3,
      },
      "i": 33,
    },
  ],
  Array [
    "  _f1@/__fixtures__/mod2.js:17:2-17:23",
  ],
  Array [
    "  _run@/__fixtures__/mod1.js:7:2-7:23",
  ],
  Array [
    "  f@/__fixtures__/mod1.js:13:0-13:6",
  ],
  Array [
    "A:",
    _A {
      "b": Object {
        "b": _B {
          "i": 100,
        },
        "cnt": 3,
      },
      "i": 33,
    },
  ],
  Array [
    "Step #38@statement",
    undefined,
  ],
  Array [
    "  _f1@/__fixtures__/mod2.js:18:2-18:13",
  ],
  Array [
    "  _run@/__fixtures__/mod1.js:7:2-7:23",
  ],
  Array [
    "  f@/__fixtures__/mod1.js:13:0-13:6",
  ],
  Array [
    "Step #39@return",
    3,
  ],
  Array [
    "  _run@/__fixtures__/mod1.js:7:2-7:23",
  ],
  Array [
    "  f@/__fixtures__/mod1.js:13:0-13:6",
  ],
  Array [
    "Step #40@statement",
    undefined,
  ],
  Array [
    "  _f2@/__fixtures__/mod2.js:22:2-22:8",
  ],
  Array [
    "  _run@/__fixtures__/mod1.js:7:2-7:23",
  ],
  Array [
    "  f@/__fixtures__/mod1.js:13:0-13:6",
  ],
  Array [
    "Step #41@statement",
    undefined,
  ],
  Array [
    "  _f2@/__fixtures__/mod2.js:23:2-23:32",
  ],
  Array [
    "  _run@/__fixtures__/mod1.js:7:2-7:23",
  ],
  Array [
    "  f@/__fixtures__/mod1.js:13:0-13:6",
  ],
  Array [
    "f2:3@4",
  ],
  Array [
    "Step #42@return",
    undefined,
  ],
  Array [
    "  _run@/__fixtures__/mod1.js:7:2-7:23",
  ],
  Array [
    "  f@/__fixtures__/mod1.js:13:0-13:6",
  ],
  Array [
    "Step #43@statement",
    undefined,
  ],
  Array [
    "  _run@/__fixtures__/mod1.js:8:2-8:9",
  ],
  Array [
    "  f@/__fixtures__/mod1.js:13:0-13:6",
  ],
  Array [
    "Step #44@statement",
    undefined,
  ],
  Array [
    "  _run@/__fixtures__/mod1.js:9:2-9:31",
  ],
  Array [
    "  f@/__fixtures__/mod1.js:13:0-13:6",
  ],
  Array [
    "i:2,j:6",
  ],
  Array [
    "Step #45@return",
    undefined,
  ],
  Array [
    "  f@/__fixtures__/mod1.js:13:0-13:6",
  ],
  Array [
    "Step #46@return",
    Object {},
  ],
]
`;
