// Jest Snapshot v1, https://goo.gl/fbAQLP

exports[`modules tracing 1`] = `
Array [
  Array [
    "f1:1@1",
  ],
  Array [
    "A:",
    A {
      "b": Object {
        "b": B {
          "i": 100,
        },
        "cnt": 1,
      },
      "i": 11,
    },
  ],
  Array [
    "f2:1@2",
  ],
  Array [
    "i:2,j:3",
  ],
  Array [
    "f1:1@3",
  ],
  Array [
    "A:",
    A {
      "b": Object {
        "b": B {
          "i": 100,
        },
        "cnt": 3,
      },
      "i": 33,
    },
  ],
  Array [
    "f2:3@4",
  ],
  Array [
    "i:2,j:6",
  ],
  Array [
    "> M:",
    Object {
      "__esModule": true,
      "run": [Function],
    },
  ],
  Array [
    "> M1:",
    Object {
      "__esModule": true,
      "run": [Function],
    },
  ],
  Array [
    "> M2:",
    Object {
      "__esModule": true,
      "f1": [Function],
      "f2": [Function],
      Symbol(@effectful/serialization/descriptor): Object {
        "create": [Function],
        "default$": false,
        "name": "./mod2#exports",
        "overrideProps": Object {
          Symbol(@effectful/serialization/descriptor): false,
        },
        "props": false,
        "read": [Function],
        "readContent": [Function],
        "value": [Circular],
        "write": [Function],
      },
    },
  ],
  Array [
    "f1:1@5",
  ],
  Array [
    "A:",
    A {
      "b": Object {
        "b": B {
          "i": 100,
        },
        "cnt": 5,
      },
      "i": 55,
    },
  ],
  Array [
    "f2:5@6",
  ],
  Array [
    "i:2,j:9",
  ],
]
`;
