// Jest Snapshot v1, https://goo.gl/fbAQLP

exports[`forward time traveling Array tracing 1`] = `"{\\"f\\":[[\\"now\\",{\\"f\\":[[\\"prev\\",null],[\\"operations\\",{\\"d\\":{\\"r\\":2},\\"@\\":null,\\"p\\":{\\"$\\":\\"undefined\\"},\\"i\\":[[\\"0\\",\\"A\\"],[\\"1\\",1],[\\"2\\",2],[\\"3\\",\\"A\\"],[\\"4\\",\\"B\\"],[\\"5\\",\\"C\\"],[\\"6\\",5],[\\"7\\",\\"Z\\"],[\\"length\\",8,5],[null,{\\"r\\":2}]],\\"$\\":\\"ObjectSnapshot\\"}]]}],[\\"future\\",null],[\\"past\\",{\\"f\\":[[\\"prev\\",{\\"f\\":[[\\"prev\\",null],[\\"operations\\",{\\"d\\":{\\"r\\":2},\\"@\\":null,\\"p\\":{\\"$\\":\\"undefined\\"},\\"i\\":[[\\"0\\",1],[\\"1\\",2],[\\"2\\",3],[\\"3\\",4],[\\"4\\",5],[\\"length\\",5,5],[null,{\\"r\\":2}]],\\"$\\":\\"ObjectSnapshot\\"}]]}],[\\"operations\\",{\\"d\\":{\\"r\\":2},\\"@\\":null,\\"p\\":{\\"$\\":\\"undefined\\"},\\"i\\":[[\\"0\\",1],[\\"1\\",2],[\\"2\\",\\"A\\"],[\\"3\\",\\"B\\"],[\\"4\\",\\"C\\"],[\\"5\\",5],[\\"length\\",6,5],[null,{\\"r\\":2}]],\\"$\\":\\"ObjectSnapshot\\"}]]}],[\\"data\\",{\\"r\\":1}]],\\"x\\":[[\\"a\\",1,2,\\"A\\",\\"B\\",\\"C\\",5,\\"z\\"],{\\"t\\":{\\"r\\":0},\\"$\\":\\"#Trace\\"},{\\"f\\":[[\\"meta\\",{\\"$\\":\\"@effectful/debugger/defaultTraceMeta\\"}],[\\"proxy\\",{\\"r\\":1}],[\\"target\\",{\\"r\\":0}],[\\"lastUpdate\\",null],[\\"prototypeChanged\\",false]],\\"$\\":\\"TraceData\\"}]}"`;

exports[`forward time traveling Map tracing 1`] = `"{\\"f\\":[[\\"now\\",{\\"r\\":3}],[\\"future\\",null],[\\"past\\",{\\"f\\":[[\\"prev\\",{\\"f\\":[[\\"prev\\",null],[\\"operations\\",{\\"f\\":[[\\"at\\",null],[\\"data\\",{\\"r\\":2}],[\\"changes\\",[]],[\\"prev\\",{\\"f\\":[[\\"at\\",null],[\\"data\\",{\\"r\\":2}],[\\"changes\\",[]],[\\"prev\\",{\\"f\\":[[\\"at\\",null],[\\"data\\",{\\"r\\":2}],[\\"changes\\",[[1,\\"A\\"],[2,\\"B\\"],[3,\\"C\\"]]],[\\"prev\\",{\\"d\\":{\\"r\\":2},\\"@\\":null,\\"p\\":{\\"$\\":\\"undefined\\"},\\"i\\":[[\\"deb_hi\\",\\"there\\"],[null,{\\"r\\":2}]],\\"$\\":\\"ObjectSnapshot\\"}]],\\"$\\":\\"MapSnapshot\\"}]],\\"$\\":\\"MapSnapshot\\"}]],\\"$\\":\\"MapSnapshot\\"}]]}],[\\"operations\\",{\\"f\\":[[\\"at\\",null],[\\"data\\",{\\"r\\":2}],[\\"changes\\",[]],[\\"prev\\",{\\"f\\":[[\\"at\\",null],[\\"data\\",{\\"r\\":2}],[\\"changes\\",[[1,\\"D\\"],[3,\\"E\\"],[4,\\"F\\"]]],[\\"prev\\",{\\"$\\":\\"undefined\\"}]],\\"$\\":\\"MapSnapshot\\"}]],\\"$\\":\\"MapSnapshot\\"}]]}],[\\"data\\",{\\"r\\":1}]],\\"x\\":[{\\"k\\":[2,1],\\"v\\":[\\"E\\",\\"F\\"],\\"f\\":[[\\"deb_hi\\",\\"THERE\\"],[{\\"$\\":\\"Symbol(@effectful/debugger/traceData)\\"},{\\"r\\":2}]],\\"$\\":\\"Map\\"},{\\"t\\":{\\"r\\":0},\\"$\\":\\"#Trace\\"},{\\"f\\":[[\\"meta\\",{\\"$\\":\\"@effectful/debugger/timeTravel/es#exports#mapMeta\\"}],[\\"proxy\\",{\\"r\\":1}],[\\"target\\",{\\"r\\":0}],[\\"lastUpdate\\",null],[\\"prototypeChanged\\",false],[\\"lastContUpdate\\",{\\"r\\":3}]],\\"$\\":\\"TraceData\\"},{\\"f\\":[[\\"prev\\",null],[\\"operations\\",{\\"f\\":[[\\"at\\",null],[\\"data\\",{\\"r\\":2}],[\\"changes\\",[]],[\\"prev\\",{\\"f\\":[[\\"at\\",null],[\\"data\\",{\\"r\\":2}],[\\"changes\\",[]],[\\"prev\\",{\\"f\\":[[\\"at\\",null],[\\"data\\",{\\"r\\":2}],[\\"changes\\",[]],[\\"prev\\",{\\"$\\":\\"undefined\\"}]],\\"$\\":\\"MapSnapshot\\"}]],\\"$\\":\\"MapSnapshot\\"}]],\\"$\\":\\"MapSnapshot\\"}]]}]}"`;

exports[`forward time traveling Object tracing 1`] = `"{\\"f\\":[[\\"now\\",{\\"f\\":[[\\"prev\\",null],[\\"operations\\",{\\"d\\":{\\"r\\":4},\\"@\\":null,\\"p\\":{\\"$\\":\\"undefined\\"},\\"i\\":[[\\"c\\",\\"C\\"],[\\"a\\",\\"A\\"],[\\"b\\",\\"B\\"],[null,\\"S\\"],[null,{\\"r\\":4}]],\\"$\\":\\"ObjectSnapshot\\"}]]}],[\\"future\\",null],[\\"past\\",null],[\\"data\\",{\\"r\\":2}]],\\"x\\":[{\\"$\\":\\"@effectful/debugger/defaultTraceMeta\\"},{\\"p\\":null,\\"f\\":[[\\"c\\",\\"C\\"],[\\"a\\",\\"a\\"],[{\\"$\\":\\"Symbol(S)\\"},\\"s\\"],[{\\"$\\":\\"Symbol(@effectful/debugger/traceData)\\"},{\\"r\\":4}]]},{\\"t\\":{\\"r\\":1},\\"$\\":\\"#Trace\\"},{\\"f\\":[[{\\"$\\":\\"Symbol(@effectful/debugger/traceData)\\"},{\\"f\\":[[\\"meta\\",{\\"r\\":0}],[\\"proxy\\",{\\"t\\":{\\"r\\":3},\\"$\\":\\"#Trace\\"}],[\\"target\\",{\\"r\\":3}],[\\"lastUpdate\\",null],[\\"prototypeChanged\\",false]],\\"$\\":\\"TraceData\\"}]]},{\\"f\\":[[\\"meta\\",{\\"r\\":0}],[\\"proxy\\",{\\"r\\":2}],[\\"target\\",{\\"r\\":1}],[\\"lastUpdate\\",null],[\\"prototypeChanged\\",true],[\\"proto\\",{\\"r\\":3}]],\\"$\\":\\"TraceData\\"}]}"`;

exports[`forward time traveling Set tracing 1`] = `"{\\"f\\":[[\\"now\\",{\\"r\\":3}],[\\"future\\",null],[\\"past\\",{\\"f\\":[[\\"prev\\",{\\"f\\":[[\\"prev\\",null],[\\"operations\\",{\\"f\\":[[\\"data\\",{\\"r\\":2}],[\\"changes\\",[1,2,3]],[\\"at\\",null],[\\"prev\\",{\\"d\\":{\\"r\\":2},\\"@\\":null,\\"p\\":{\\"d\\":{\\"r\\":2},\\"@\\":null,\\"p\\":{\\"$\\":\\"undefined\\"},\\"i\\":[[\\"deb_hi\\",\\"there\\"],[null,{\\"r\\":2}]],\\"$\\":\\"ObjectSnapshot\\"},\\"i\\":[[\\"deb_hi\\",\\"THERE\\"],[null,{\\"r\\":2}]],\\"$\\":\\"ObjectSnapshot\\"}]],\\"$\\":\\"SetSnapshot\\"}]]}],[\\"operations\\",{\\"d\\":{\\"r\\":2},\\"@\\":null,\\"p\\":{\\"f\\":[[\\"data\\",{\\"r\\":2}],[\\"changes\\",[2,4,1]],[\\"at\\",null],[\\"prev\\",{\\"d\\":{\\"r\\":2},\\"@\\":null,\\"p\\":{\\"d\\":{\\"r\\":2},\\"@\\":null,\\"p\\":{\\"$\\":\\"undefined\\"},\\"i\\":[[\\"deb_hi\\",\\"THERE\\"],[null,{\\"r\\":2}]],\\"$\\":\\"ObjectSnapshot\\"},\\"i\\":[[\\"deb_hi\\",\\"THERE\\"],[null,{\\"r\\":2}]],\\"$\\":\\"ObjectSnapshot\\"}]],\\"$\\":\\"SetSnapshot\\"},\\"i\\":[[\\"deb_hi\\",\\"THERE\\"],[null,{\\"r\\":2}]],\\"$\\":\\"ObjectSnapshot\\"}]]}],[\\"data\\",{\\"r\\":1}]],\\"x\\":[{\\"$\\":\\"Set\\",\\"l\\":[8],\\"f\\":[[\\"deb_hi\\",\\"THERE\\"],[{\\"$\\":\\"Symbol(@effectful/debugger/traceData)\\"},{\\"r\\":2}]]},{\\"t\\":{\\"r\\":0},\\"$\\":\\"#Trace\\"},{\\"f\\":[[\\"meta\\",{\\"$\\":\\"@effectful/debugger/timeTravel/es#exports#setMeta\\"}],[\\"proxy\\",{\\"r\\":1}],[\\"target\\",{\\"r\\":0}],[\\"lastUpdate\\",{\\"r\\":3}],[\\"prototypeChanged\\",false],[\\"lastContUpdate\\",null]],\\"$\\":\\"TraceData\\"},{\\"f\\":[[\\"prev\\",null],[\\"operations\\",{\\"f\\":[[\\"data\\",{\\"r\\":2}],[\\"changes\\",[]],[\\"at\\",null],[\\"prev\\",{\\"d\\":{\\"r\\":2},\\"@\\":null,\\"p\\":{\\"d\\":{\\"r\\":2},\\"@\\":null,\\"p\\":{\\"d\\":{\\"r\\":2},\\"@\\":null,\\"p\\":{\\"$\\":\\"undefined\\"},\\"i\\":[[\\"deb_hi\\",\\"THERE\\"],[null,{\\"r\\":2}]],\\"$\\":\\"ObjectSnapshot\\"},\\"i\\":[[\\"deb_hi\\",\\"THERE\\"],[null,{\\"r\\":2}]],\\"$\\":\\"ObjectSnapshot\\"},\\"i\\":[[\\"deb_hi\\",\\"THERE\\"],[null,{\\"r\\":2}]],\\"$\\":\\"ObjectSnapshot\\"}]],\\"$\\":\\"SetSnapshot\\"}]]}]}"`;
