// Jest Snapshot v1, https://goo.gl/fbAQLP

exports[`DOM time traveling 1`] = `"<div id=\\"root\\"></div>"`;

exports[`DOM time traveling 2`] = `"<div id=\\"root\\"><div style=\\"color:green\\" id=\\"i1\\">Hi</div></div>"`;

exports[`DOM time traveling 3`] = `"<div id=\\"root\\"><div style=\\"color:red\\" id=\\"i1\\"><div id=\\"i2\\">There</div></div></div>"`;

exports[`DOM time traveling 4`] = `"<div id=\\"root\\"><div style=\\"color:blue\\" id=\\"i1\\"><h1 id=\\"i3\\"></h1><div id=\\"i2\\">There</div><h2 id=\\"i4\\"></h2></div></div>"`;

exports[`DOM time traveling 5`] = `"<div id=\\"root\\"><div style=\\"color:blue\\" id=\\"i1\\"><h1 id=\\"i3\\"></h1><div id=\\"i2\\">THERE</div></div></div>"`;

exports[`DOM time traveling 6`] = `"{\\"r\\":190,\\"x\\":[{\\"$\\":\\"dom#MutationObserver_1\\"},{\\"f\\":[[\\"root\\",{\\"r\\":7}],[\\"observer\\",{\\"r\\":0}]]},{\\"tag\\":\\"H2\\",\\"c\\":[],\\"a\\":{\\"id\\":\\"i4\\"},\\"f\\":[[\\"innerText\\",\\"post\\"]],\\"$\\":\\"dom#Element_1\\"},{\\"text\\":\\"There\\",\\"$\\":\\"dom#Text_1\\"},{\\"tag\\":\\"DIV\\",\\"c\\":[{\\"r\\":3}],\\"a\\":{\\"id\\":\\"i2\\"},\\"f\\":[[\\"innerHtml\\",\\"hi there\\"]],\\"$\\":\\"dom#Element_1\\"},{\\"tag\\":\\"H1\\",\\"c\\":[],\\"a\\":{\\"id\\":\\"i3\\"},\\"$\\":\\"dom#Element_1\\"},{\\"tag\\":\\"DIV\\",\\"c\\":[{\\"r\\":5},{\\"r\\":4},{\\"r\\":2}],\\"a\\":{\\"style\\":\\"color:blue\\",\\"id\\":\\"i1\\"},\\"$\\":\\"dom#Element_1\\"},{\\"tag\\":\\"DIV\\",\\"c\\":[{\\"r\\":6}],\\"a\\":{\\"id\\":\\"root\\"},\\"f\\":[[\\"deb_hi\\",\\"THERE\\"],[{\\"name\\":\\"@effectful/debugger/dom\\"},{\\"r\\":1}]],\\"$\\":\\"dom#Element_1\\"},{\\"tag\\":\\"DIV\\",\\"c\\":[{\\"r\\":7}],\\"a\\":{},\\"$\\":\\"dom#Element_1\\"},[],[],{\\"ty\\":\\"attributes\\",\\"el\\":{\\"r\\":6},\\"an\\":{\\"r\\":10},\\"rn\\":{\\"r\\":9},\\"tn\\":\\"style\\",\\"ov\\":\\"color:green\\",\\"$\\":\\"dom#MutationRecord_1\\"},[],[{\\"r\\":4}],{\\"ty\\":\\"childList\\",\\"el\\":{\\"r\\":6},\\"an\\":{\\"r\\":13},\\"rn\\":{\\"r\\":12},\\"$\\":\\"dom#MutationRecord_1\\"},{\\"text\\":\\"Hi\\",\\"$\\":\\"dom#Text_1\\"},[{\\"r\\":15}],[],{\\"ty\\":\\"childList\\",\\"el\\":{\\"r\\":6},\\"an\\":{\\"r\\":17},\\"rn\\":{\\"r\\":16},\\"$\\":\\"dom#MutationRecord_1\\"},[{\\"r\\":18},{\\"r\\":14},{\\"r\\":11}],{\\"i\\":{\\"r\\":19},\\"p\\":{\\"$\\":\\"undefined\\"},\\"$\\":\\"DomSnapshot\\"},{\\"$\\":\\"#dom\\"},{\\"$\\":\\"#pdel\\"},{\\"f\\":[[\\"constructor\\",{\\"r\\":119},2]]},{\\"$\\":\\"@effectful/debugger/engine#exports#token\\"},{\\"f\\":[[\\"constructor\\",{\\"r\\":79},2]]},{\\"f\\":[[\\"constructor\\",{\\"r\\":27},2]]},{\\"$$\\":{\\"r\\":78},\\"p\\":{\\"r\\":83},\\"f\\":[[\\"prototype\\",{\\"r\\":26},3]],\\"$\\":\\"p#src/instr/rt.ts#iterFin\\"},{\\"f\\":[[\\"constructor\\",{\\"r\\":29},2]]},{\\"$$\\":{\\"r\\":78},\\"p\\":{\\"r\\":83},\\"f\\":[[\\"prototype\\",{\\"r\\":28},3]],\\"$\\":\\"p#src/instr/rt.ts#iterErrM\\"},{\\"f\\":[[\\"constructor\\",{\\"r\\":31},2]]},{\\"$$\\":{\\"r\\":78},\\"p\\":{\\"r\\":83},\\"f\\":[[\\"prototype\\",{\\"r\\":30},3]],\\"$\\":\\"p#src/instr/rt.ts#iterErr\\"},{\\"f\\":[[\\"constructor\\",{\\"r\\":33},2]]},{\\"$$\\":{\\"r\\":78},\\"p\\":{\\"r\\":83},\\"f\\":[[\\"prototype\\",{\\"r\\":32},3]],\\"$\\":\\"p#src/instr/rt.ts#chainM\\"},{\\"f\\":[[\\"constructor\\",{\\"r\\":35},2]]},{\\"$$\\":{\\"r\\":78},\\"p\\":{\\"r\\":83},\\"f\\":[[\\"prototype\\",{\\"r\\":34},3]],\\"$\\":\\"p#src/instr/rt.ts#reify\\"},{\\"f\\":[[\\"constructor\\",{\\"r\\":37},2]]},{\\"$$\\":{\\"r\\":78},\\"p\\":{\\"r\\":83},\\"f\\":[[\\"prototype\\",{\\"r\\":36},3]],\\"$\\":\\"p#src/instr/rt.ts#wrapExport\\"},{\\"f\\":[[\\"constructor\\",{\\"r\\":39},2]]},{\\"$$\\":{\\"r\\":78},\\"p\\":{\\"r\\":83},\\"f\\":[[\\"prototype\\",{\\"r\\":38},3]],\\"$\\":\\"p#src/instr/rt.ts#mapForEach\\"},{\\"f\\":[[\\"constructor\\",{\\"r\\":41},2]]},{\\"$$\\":{\\"r\\":78},\\"p\\":{\\"r\\":83},\\"f\\":[[\\"prototype\\",{\\"r\\":40},3]],\\"$\\":\\"p#src/instr/rt.ts#setForEach\\"},{\\"f\\":[[\\"constructor\\",{\\"r\\":43},2]]},{\\"$$\\":{\\"r\\":78},\\"p\\":{\\"r\\":83},\\"f\\":[[\\"prototype\\",{\\"r\\":42},3]],\\"$\\":\\"p#src/instr/rt.ts#every\\"},{\\"f\\":[[\\"constructor\\",{\\"r\\":45},2]]},{\\"$$\\":{\\"r\\":78},\\"p\\":{\\"r\\":83},\\"f\\":[[\\"prototype\\",{\\"r\\":44},3]],\\"$\\":\\"p#src/instr/rt.ts#some\\"},{\\"f\\":[[\\"constructor\\",{\\"r\\":47},2]]},{\\"$$\\":{\\"r\\":78},\\"p\\":{\\"r\\":83},\\"f\\":[[\\"prototype\\",{\\"r\\":46},3]],\\"$\\":\\"p#src/instr/rt.ts#reduceRight\\"},{\\"f\\":[[\\"constructor\\",{\\"r\\":49},2]]},{\\"$$\\":{\\"r\\":78},\\"p\\":{\\"r\\":83},\\"f\\":[[\\"prototype\\",{\\"r\\":48},3]],\\"$\\":\\"p#src/instr/rt.ts#reduce\\"},{\\"f\\":[[\\"constructor\\",{\\"r\\":51},2]]},{\\"$$\\":{\\"r\\":78},\\"p\\":{\\"r\\":83},\\"f\\":[[\\"prototype\\",{\\"r\\":50},3]],\\"$\\":\\"p#src/instr/rt.ts#forEach\\"},{\\"f\\":[[\\"constructor\\",{\\"r\\":53},2]]},{\\"$$\\":{\\"r\\":78},\\"p\\":{\\"r\\":83},\\"f\\":[[\\"prototype\\",{\\"r\\":52},3]],\\"$\\":\\"p#src/instr/rt.ts#flatMap\\"},{\\"f\\":[[\\"constructor\\",{\\"r\\":55},2]]},{\\"$$\\":{\\"r\\":78},\\"p\\":{\\"r\\":83},\\"f\\":[[\\"prototype\\",{\\"r\\":54},3]],\\"$\\":\\"p#src/instr/rt.ts#findIndex\\"},{\\"f\\":[[\\"constructor\\",{\\"r\\":57},2]]},{\\"$$\\":{\\"r\\":78},\\"p\\":{\\"r\\":83},\\"f\\":[[\\"prototype\\",{\\"r\\":56},3]],\\"$\\":\\"p#src/instr/rt.ts#find\\"},{\\"f\\":[[\\"constructor\\",{\\"r\\":59},2]]},{\\"$$\\":{\\"r\\":78},\\"p\\":{\\"r\\":83},\\"f\\":[[\\"prototype\\",{\\"r\\":58},3]],\\"$\\":\\"p#src/instr/rt.ts#filter\\"},{\\"f\\":[[\\"constructor\\",{\\"r\\":61},2]]},{\\"$$\\":{\\"r\\":78},\\"p\\":{\\"r\\":83},\\"f\\":[[\\"prototype\\",{\\"r\\":60},3]],\\"$\\":\\"p#src/instr/rt.ts#arrayFrom\\"},{\\"f\\":[[\\"constructor\\",{\\"r\\":63},2]]},{\\"$$\\":{\\"r\\":78},\\"p\\":{\\"r\\":83},\\"f\\":[[\\"prototype\\",{\\"r\\":62},3]],\\"$\\":\\"p#src/instr/rt.ts#map\\"},{\\"f\\":[[\\"constructor\\",{\\"r\\":65},2]]},{\\"$$\\":{\\"r\\":78},\\"p\\":{\\"r\\":83},\\"f\\":[[\\"prototype\\",{\\"r\\":64},3]],\\"$\\":\\"p#src/instr/rt.ts#_arrayWithHoles\\"},{\\"f\\":[[\\"constructor\\",{\\"r\\":67},2]]},{\\"$$\\":{\\"r\\":78},\\"p\\":{\\"r\\":83},\\"f\\":[[\\"prototype\\",{\\"r\\":66},3]],\\"$\\":\\"p#src/instr/rt.ts#_iterableToArrayLimit\\"},{\\"f\\":[[\\"constructor\\",{\\"r\\":69},2]]},{\\"$$\\":{\\"r\\":78},\\"p\\":{\\"r\\":83},\\"f\\":[[\\"prototype\\",{\\"r\\":68},3]],\\"$\\":\\"p#src/instr/rt.ts#_arrayLikeToArray\\"},{\\"f\\":[[\\"constructor\\",{\\"r\\":71},2]]},{\\"$$\\":{\\"r\\":78},\\"p\\":{\\"r\\":83},\\"f\\":[[\\"prototype\\",{\\"r\\":70},3]],\\"$\\":\\"p#src/instr/rt.ts#_unsupportedIterableToArray\\"},{\\"f\\":[[\\"constructor\\",{\\"r\\":73},2]]},{\\"$$\\":{\\"r\\":78},\\"p\\":{\\"r\\":83},\\"f\\":[[\\"prototype\\",{\\"r\\":72},3]],\\"$\\":\\"p#src/instr/rt.ts#_nonIterableRest\\"},{\\"f\\":[[\\"constructor\\",{\\"r\\":75},2]]},{\\"$$\\":{\\"r\\":78},\\"p\\":{\\"r\\":83},\\"f\\":[[\\"prototype\\",{\\"r\\":74},3]],\\"$\\":\\"p#src/instr/rt.ts#_slicedToArray\\"},{\\"$\\":\\"@effectful/debugger/state#exports\\"},{\\"$\\":\\"@effectful/debugger/es#exports\\"},[null,{\\"r\\":77},{\\"r\\":76},{\\"r\\":75},{\\"r\\":73},{\\"r\\":71},{\\"r\\":69},{\\"r\\":67},{\\"r\\":65},{\\"r\\":63},{\\"r\\":61},{\\"r\\":59},{\\"r\\":57},{\\"r\\":55},{\\"r\\":53},{\\"r\\":51},{\\"r\\":49},{\\"r\\":47},{\\"r\\":45},{\\"r\\":43},{\\"r\\":41},{\\"r\\":39},{\\"r\\":37},{\\"r\\":79},{\\"r\\":35},{\\"r\\":33},{\\"r\\":31},{\\"r\\":29},{\\"r\\":27}],{\\"$$\\":{\\"r\\":78},\\"p\\":{\\"r\\":83},\\"f\\":[[\\"prototype\\",{\\"r\\":25},3]],\\"$\\":\\"p#src/instr/rt.ts#persistModule\\"},{\\"f\\":[[\\"constructor\\",{\\"r\\":81},2]]},{\\"$$\\":null,\\"p\\":null,\\"f\\":[[\\"prototype\\",{\\"r\\":80},3]],\\"$\\":\\"p#src/instr/rt.ts\\"},{\\"$\\":\\"i#src/instr/rt.ts\\"},{\\"f\\":[[\\"$\\",{\\"r\\":78}],[\\"$g\\",{\\"r\\":117}],[\\"meta\\",{\\"r\\":82}],[\\"state\\",4],[\\"goto\\",4],[\\"done\\",true],[\\"running\\",false],[\\"parent\\",null],[\\"func\\",{\\"r\\":81}],[\\"newTarget\\",false],[\\"brk\\",null],[\\"next\\",null],[\\"caller\\",null],[\\"restoreDebug\\",false],[\\"awaiting\\",{\\"r\\":24}],[\\"onResolve\\",null],[\\"onReject\\",null],[\\"promise\\",null],[\\"timestamp\\",null],[\\"result\\",{\\"$\\":\\"undefined\\"}],[\\"error\\",{\\"$\\":\\"undefined\\"}],[\\"self\\",{\\"$\\":\\"undefined\\"}],[\\"args\\",{\\"$\\":\\"undefined\\"}]]},{\\"$\\":\\"i#src/instr/rt.ts#persistModule\\"},{\\"$\\":\\"toLocaleString\\"},{\\"$\\":\\"set __proto__\\"},{\\"$\\":\\"get __proto__\\"},{\\"$\\":\\"valueOf\\"},{\\"$\\":\\"toString\\"},{\\"$\\":\\"propertyIsEnumerable\\"},{\\"$\\":\\"isPrototypeOf\\"},{\\"$\\":\\"__lookupSetter__\\"},{\\"$\\":\\"__lookupGetter__\\"},{\\"$\\":\\"hasOwnProperty\\"},{\\"$\\":\\"__defineSetter__\\"},{\\"$\\":\\"__defineGetter__\\"},{\\"$\\":\\"Object_1\\"},{\\"p\\":null,\\"f\\":[[\\"constructor\\",{\\"r\\":97},2],[\\"__defineGetter__\\",{\\"r\\":96},2],[\\"__defineSetter__\\",{\\"r\\":95},2],[\\"hasOwnProperty\\",{\\"r\\":94},2],[\\"__lookupGetter__\\",{\\"r\\":93},2],[\\"__lookupSetter__\\",{\\"r\\":92},2],[\\"isPrototypeOf\\",{\\"r\\":91},2],[\\"propertyIsEnumerable\\",{\\"r\\":90},2],[\\"toString\\",{\\"r\\":89},2],[\\"valueOf\\",{\\"r\\":88},2],[\\"__proto__\\",null,14,{\\"r\\":87},{\\"r\\":86}],[\\"toLocaleString\\",{\\"r\\":85},2]]},{\\"p\\":{\\"r\\":98},\\"f\\":[[\\"__esModule\\",true],[\\"changeDom1\\",{\\"r\\":125}],[\\"changeDom2\\",{\\"r\\":123}],[\\"changeDom3\\",{\\"r\\":121}],[\\"changeDom4\\",{\\"r\\":119}],[{\\"$\\":\\"@effectful/debugger/state#exports#@effectful/debugger/state#exports#thunkSymbol#Symbol(@effectful/debugger/thunk)\\"},0,6]]},{\\"$\\":\\"cjs#test/__fixtures__/tt/dom.js\\"},[{\\"r\\":78},{\\"r\\":105},\\"test/__fixtures__/tt/dom.js\\",{\\"r\\":100},{\\"r\\":99}],{\\"f\\":[[\\"$\\",{\\"r\\":101}],[\\"$g\\",{\\"r\\":117}],[\\"meta\\",{\\"r\\":84}],[\\"state\\",3],[\\"goto\\",3],[\\"done\\",true],[\\"running\\",false],[\\"parent\\",{\\"r\\":83}],[\\"func\\",{\\"r\\":79}],[\\"newTarget\\",false],[\\"brk\\",null],[\\"next\\",null],[\\"caller\\",null],[\\"restoreDebug\\",false],[\\"awaiting\\",{\\"r\\":24}],[\\"onResolve\\",null],[\\"onReject\\",null],[\\"promise\\",null],[\\"timestamp\\",null],[\\"result\\",{\\"$\\":\\"undefined\\"}],[\\"error\\",{\\"$\\":\\"undefined\\"}],[\\"self\\",{\\"$\\":\\"undefined\\"}],[\\"args\\",{\\"$\\":\\"undefined\\"}]]},{\\"$\\":\\"s#test/__fixtures__/tt/dom.js#2\\"},{\\"f\\":[[\\"constructor\\",{\\"r\\":105},2]]},{\\"$$\\":null,\\"p\\":null,\\"f\\":[[\\"prototype\\",{\\"r\\":104},3]],\\"$\\":\\"p#test/__fixtures__/tt/dom.js\\"},{\\"$\\":\\"i#test/__fixtures__/tt/dom.js\\"},{\\"$\\":\\"set_4\\"},{\\"$\\":\\"get_4\\"},{\\"$\\":\\"set_3\\"},{\\"$\\":\\"get_3\\"},{\\"$\\":\\"set_2\\"},{\\"$\\":\\"get_2\\"},{\\"$\\":\\"set_1\\"},{\\"$\\":\\"get_1\\"},{\\"$\\":\\"set\\"},{\\"$\\":\\"get\\"},{\\"$\\":\\"#_globalProxy\\",\\"f\\":[[\\"root\\",null,12,{\\"r\\":116},{\\"r\\":115}],[\\"i1\\",null,12,{\\"r\\":114},{\\"r\\":113}],[\\"i2\\",null,12,{\\"r\\":112},{\\"r\\":111}],[\\"i3\\",null,12,{\\"r\\":110},{\\"r\\":109}],[\\"i4\\",null,12,{\\"r\\":108},{\\"r\\":107}]]},{\\"f\\":[[\\"$\\",{\\"r\\":126}],[\\"$g\\",{\\"r\\":117}],[\\"meta\\",{\\"r\\":106}],[\\"state\\",2],[\\"goto\\",2],[\\"done\\",true],[\\"running\\",false],[\\"parent\\",null],[\\"func\\",{\\"r\\":105}],[\\"newTarget\\",false],[\\"brk\\",{\\"r\\":103}],[\\"next\\",{\\"r\\":102}],[\\"caller\\",{\\"r\\":102}],[\\"restoreDebug\\",false],[\\"awaiting\\",{\\"r\\":24}],[\\"onResolve\\",null],[\\"onReject\\",null],[\\"promise\\",null],[\\"timestamp\\",null],[\\"result\\",{\\"$\\":\\"undefined\\"}],[\\"error\\",{\\"$\\":\\"undefined\\"}],[\\"self\\",{\\"$\\":\\"undefined\\"}],[\\"args\\",{\\"$\\":\\"undefined\\"}]]},{\\"$$\\":{\\"r\\":126},\\"p\\":{\\"r\\":118},\\"f\\":[[\\"prototype\\",{\\"r\\":23},3]],\\"$\\":\\"p#test/__fixtures__/tt/dom.js#changeDom4\\"},{\\"f\\":[[\\"constructor\\",{\\"r\\":121},2]]},{\\"$$\\":{\\"r\\":126},\\"p\\":{\\"r\\":118},\\"f\\":[[\\"prototype\\",{\\"r\\":120},3]],\\"$\\":\\"p#test/__fixtures__/tt/dom.js#changeDom3\\"},{\\"f\\":[[\\"constructor\\",{\\"r\\":123},2]]},{\\"$$\\":{\\"r\\":126},\\"p\\":{\\"r\\":118},\\"f\\":[[\\"prototype\\",{\\"r\\":122},3]],\\"$\\":\\"p#test/__fixtures__/tt/dom.js#changeDom2\\"},{\\"f\\":[[\\"constructor\\",{\\"r\\":125},2]]},{\\"$$\\":{\\"r\\":126},\\"p\\":{\\"r\\":118},\\"f\\":[[\\"prototype\\",{\\"r\\":124},3]],\\"$\\":\\"p#test/__fixtures__/tt/dom.js#changeDom1\\"},[null,{\\"r\\":125},{\\"r\\":123},{\\"r\\":121},{\\"r\\":119}],[{\\"r\\":126},{\\"r\\":6},{\\"r\\":4}],{\\"$\\":\\"#set$obj\\"},{\\"$\\":\\"s#test/__fixtures__/tt/dom.js#changeDom1#5\\"},{\\"$\\":\\"@effectful/debug/reset#ctx\\"},{\\"f\\":[[\\"prev\\",null],[\\"call\\",{\\"r\\":130}],[\\"a\\",null],[\\"b\\",true],[\\"c\\",{\\"r\\":129}],[\\"d\\",{\\"$\\":\\"undefined\\"}]]},{\\"f\\":[[\\"prev\\",{\\"r\\":131}],[\\"call\\",{\\"r\\":128}],[\\"a\\",{\\"r\\":127}],[\\"b\\",1],[\\"c\\",{\\"$\\":\\"undefined\\"}]]},{\\"f\\":[[\\"prev\\",{\\"r\\":132}],[\\"call\\",{\\"r\\":22}],[\\"a\\",{\\"r\\":7}],[\\"b\\",\\"deb_hi\\"],[\\"c\\",null]]},{\\"f\\":[[\\"prev\\",{\\"r\\":133}],[\\"call\\",{\\"r\\":128}],[\\"a\\",{\\"r\\":127}],[\\"b\\",2],[\\"c\\",{\\"$\\":\\"undefined\\"}]]},{\\"f\\":[[\\"prev\\",{\\"r\\":134}],[\\"call\\",{\\"r\\":22}],[\\"a\\",{\\"r\\":4}],[\\"b\\",\\"innerHtml\\"],[\\"c\\",null]]},{\\"f\\":[[\\"prev\\",{\\"r\\":135}],[\\"call\\",{\\"r\\":21}],[\\"a\\",{\\"r\\":20}]]},[],[{\\"r\\":6}],{\\"ty\\":\\"childList\\",\\"el\\":{\\"r\\":7},\\"an\\":{\\"r\\":138},\\"rn\\":{\\"r\\":137},\\"$\\":\\"dom#MutationRecord_1\\"},[{\\"r\\":139}],{\\"i\\":{\\"r\\":140},\\"p\\":{\\"$\\":\\"undefined\\"},\\"$\\":\\"DomSnapshot\\"},[{\\"r\\":126},{\\"r\\":7}],{\\"f\\":[[\\"prev\\",null],[\\"call\\",{\\"r\\":130}],[\\"a\\",null],[\\"b\\",true],[\\"c\\",{\\"r\\":103}],[\\"d\\",{\\"$\\":\\"undefined\\"}]]},{\\"f\\":[[\\"prev\\",{\\"r\\":143}],[\\"call\\",{\\"r\\":128}],[\\"a\\",{\\"r\\":142}],[\\"b\\",1],[\\"c\\",{\\"$\\":\\"undefined\\"}]]},{\\"f\\":[[\\"prev\\",{\\"r\\":144}],[\\"call\\",{\\"r\\":21}],[\\"a\\",{\\"r\\":141}]]},{\\"f\\":[[\\"prev\\",null],[\\"operations\\",{\\"r\\":145}]]},{\\"f\\":[[\\"prev\\",{\\"r\\":146}],[\\"operations\\",{\\"r\\":136}]]},[],[],{\\"ty\\":\\"characterData\\",\\"el\\":{\\"r\\":3},\\"an\\":{\\"r\\":149},\\"rn\\":{\\"r\\":148},\\"ov\\":\\"THERE\\",\\"$\\":\\"dom#MutationRecord_1\\"},[],[{\\"r\\":2}],{\\"ty\\":\\"childList\\",\\"el\\":{\\"r\\":6},\\"an\\":{\\"r\\":152},\\"rn\\":{\\"r\\":151},\\"ps\\":{\\"r\\":4},\\"$\\":\\"dom#MutationRecord_1\\"},[{\\"r\\":153},{\\"r\\":150}],{\\"i\\":{\\"r\\":154},\\"p\\":{\\"$\\":\\"undefined\\"},\\"$\\":\\"DomSnapshot\\"},{\\"$\\":\\"s#test/__fixtures__/tt/dom.js#changeDom4#13\\"},[{\\"r\\":126},{\\"$\\":\\"undefined\\"},{\\"$\\":\\"undefined\\"},{\\"$\\":\\"undefined\\"}],{\\"$\\":\\"#del\\"},{\\"$\\":\\"#pset\\"},{\\"f\\":[[\\"prev\\",null],[\\"call\\",{\\"r\\":159}],[\\"a\\",{\\"r\\":5}],[\\"b\\",\\"innerText\\"],[\\"c\\",\\"PRE\\"]]},{\\"f\\":[[\\"prev\\",{\\"r\\":160}],[\\"call\\",{\\"r\\":158}],[\\"a\\",{\\"r\\":7}],[\\"b\\",\\"deb_hi\\"],[\\"c\\",null]]},{\\"f\\":[[\\"prev\\",{\\"r\\":161}],[\\"call\\",{\\"r\\":128}],[\\"a\\",{\\"r\\":157}],[\\"b\\",3],[\\"c\\",{\\"r\\":2}]]},{\\"f\\":[[\\"prev\\",{\\"r\\":162}],[\\"call\\",{\\"r\\":128}],[\\"a\\",{\\"r\\":157}],[\\"b\\",2],[\\"c\\",{\\"r\\":4}]]},{\\"f\\":[[\\"prev\\",{\\"r\\":163}],[\\"call\\",{\\"r\\":128}],[\\"a\\",{\\"r\\":157}],[\\"b\\",1],[\\"c\\",{\\"r\\":5}]]},{\\"f\\":[[\\"prev\\",{\\"r\\":164}],[\\"call\\",{\\"r\\":130}],[\\"a\\",null],[\\"b\\",true],[\\"c\\",{\\"r\\":156}],[\\"d\\",{\\"$\\":\\"undefined\\"}]]},{\\"f\\":[[\\"prev\\",{\\"r\\":165}],[\\"call\\",{\\"r\\":21}],[\\"a\\",{\\"r\\":155}]]},{\\"f\\":[[\\"prev\\",null],[\\"operations\\",{\\"r\\":166}]]},[],[{\\"r\\":2}],{\\"ty\\":\\"childList\\",\\"el\\":{\\"r\\":6},\\"an\\":{\\"r\\":169},\\"rn\\":{\\"r\\":168},\\"ps\\":{\\"r\\":4},\\"$\\":\\"dom#MutationRecord_1\\"},[],[{\\"r\\":5}],{\\"ty\\":\\"childList\\",\\"el\\":{\\"r\\":6},\\"an\\":{\\"r\\":172},\\"rn\\":{\\"r\\":171},\\"ns\\":{\\"r\\":4},\\"$\\":\\"dom#MutationRecord_1\\"},[],[],{\\"ty\\":\\"attributes\\",\\"el\\":{\\"r\\":6},\\"an\\":{\\"r\\":175},\\"rn\\":{\\"r\\":174},\\"tn\\":\\"style\\",\\"ov\\":\\"color:red\\",\\"$\\":\\"dom#MutationRecord_1\\"},[{\\"r\\":176},{\\"r\\":173},{\\"r\\":170}],{\\"i\\":{\\"r\\":177},\\"p\\":{\\"$\\":\\"undefined\\"},\\"$\\":\\"DomSnapshot\\"},[{\\"r\\":126},{\\"r\\":6},{\\"r\\":4},{\\"r\\":5},{\\"r\\":2}],{\\"$\\":\\"s#test/__fixtures__/tt/dom.js#changeDom2#11\\"},{\\"f\\":[[\\"prev\\",null],[\\"call\\",{\\"r\\":130}],[\\"a\\",null],[\\"b\\",true],[\\"c\\",{\\"r\\":180}],[\\"d\\",{\\"$\\":\\"undefined\\"}]]},{\\"f\\":[[\\"prev\\",{\\"r\\":181}],[\\"call\\",{\\"r\\":128}],[\\"a\\",{\\"r\\":179}],[\\"b\\",1],[\\"c\\",{\\"$\\":\\"undefined\\"}]]},{\\"f\\":[[\\"prev\\",{\\"r\\":182}],[\\"call\\",{\\"r\\":128}],[\\"a\\",{\\"r\\":179}],[\\"b\\",2],[\\"c\\",{\\"$\\":\\"undefined\\"}]]},{\\"f\\":[[\\"prev\\",{\\"r\\":183}],[\\"call\\",{\\"r\\":128}],[\\"a\\",{\\"r\\":179}],[\\"b\\",3],[\\"c\\",{\\"$\\":\\"undefined\\"}]]},{\\"f\\":[[\\"prev\\",{\\"r\\":184}],[\\"call\\",{\\"r\\":128}],[\\"a\\",{\\"r\\":179}],[\\"b\\",4],[\\"c\\",{\\"$\\":\\"undefined\\"}]]},{\\"f\\":[[\\"prev\\",{\\"r\\":185}],[\\"call\\",{\\"r\\":159}],[\\"a\\",{\\"r\\":7}],[\\"b\\",\\"deb_hi\\"],[\\"c\\",\\"there\\"]]},{\\"f\\":[[\\"prev\\",{\\"r\\":186}],[\\"call\\",{\\"r\\":22}],[\\"a\\",{\\"r\\":2}],[\\"b\\",\\"innerText\\"],[\\"c\\",null]]},{\\"f\\":[[\\"prev\\",{\\"r\\":187}],[\\"call\\",{\\"r\\":21}],[\\"a\\",{\\"r\\":178}]]},{\\"f\\":[[\\"prev\\",null],[\\"operations\\",{\\"r\\":188}]]},{\\"f\\":[[\\"now\\",{\\"r\\":189}],[\\"future\\",{\\"r\\":167}],[\\"past\\",{\\"r\\":147}],[\\"data\\",{\\"r\\":8}]]}]}"`;
