// Jest Snapshot v1, https://goo.gl/fbAQLP

exports[`time traveling Array tracing 1`] = `"{\\"f\\":[[\\"now\\",{\\"f\\":[[\\"objectSnapshots\\",{\\"$\\":\\"Set\\",\\"l\\":[{\\"r\\":0}]}],[\\"dataSnapshots\\",null],[\\"prev\\",null],[\\"operations\\",{\\"s\\":{\\"r\\":0},\\"P\\":{\\"f\\":[[\\"prev\\",{\\"$\\":\\"undefined\\"}],[{\\"$\\":\\"#fun\\"},{\\"r\\":1}],[{\\"$\\":\\"#this\\"},null],[{\\"$\\":\\"#args\\"},[{\\"f\\":[[\\"top\\",null],[\\"debug\\",true],[\\"brk\\",null],[\\"value\\",{\\"$\\":\\"undefined\\"}]]}]]],\\"$\\":\\"#b\\"},\\"f\\":{\\"f\\":[[\\"0\\",\\"a\\"],[\\"1\\",2],[\\"2\\",\\"A\\"],[\\"3\\",\\"B\\"],[\\"4\\",\\"C\\"],[\\"5\\",\\"z\\"],[\\"length\\",6,3],[\\"deb_hi\\",\\"THERE\\"]]},\\"$\\":\\"@effectful/debugger/obj#snapshot\\"}]]}],[\\"future\\",null],[\\"past\\",{\\"f\\":[[\\"objectSnapshots\\",{\\"$\\":\\"Set\\",\\"l\\":[{\\"r\\":0}]}],[\\"dataSnapshots\\",null],[\\"prev\\",{\\"f\\":[[\\"objectSnapshots\\",{\\"$\\":\\"Set\\",\\"l\\":[{\\"r\\":0}]}],[\\"dataSnapshots\\",null],[\\"prev\\",{\\"f\\":[[\\"objectSnapshots\\",{\\"$\\":\\"Set\\",\\"l\\":[{\\"r\\":0}]}],[\\"dataSnapshots\\",null],[\\"prev\\",null],[\\"operations\\",{\\"s\\":{\\"r\\":0},\\"P\\":{\\"f\\":[[\\"prev\\",{\\"$\\":\\"undefined\\"}],[{\\"$\\":\\"#fun\\"},{\\"r\\":1}],[{\\"$\\":\\"#this\\"},null],[{\\"$\\":\\"#args\\"},[{\\"f\\":[[\\"top\\",null],[\\"debug\\",true],[\\"brk\\",null],[\\"value\\",{\\"$\\":\\"undefined\\"}]]}]]],\\"$\\":\\"#b\\"},\\"f\\":{\\"f\\":[[\\"0\\",1],[\\"1\\",2],[\\"2\\",3],[\\"3\\",4],[\\"4\\",5],[\\"length\\",5,3]]},\\"$\\":\\"@effectful/debugger/obj#snapshot\\"}]]}],[\\"operations\\",{\\"s\\":{\\"r\\":0},\\"P\\":{\\"f\\":[[\\"prev\\",{\\"$\\":\\"undefined\\"}],[{\\"$\\":\\"#fun\\"},{\\"r\\":1}],[{\\"$\\":\\"#this\\"},null],[{\\"$\\":\\"#args\\"},[{\\"f\\":[[\\"top\\",null],[\\"debug\\",true],[\\"brk\\",null],[\\"value\\",{\\"$\\":\\"undefined\\"}]]}]]],\\"$\\":\\"#b\\"},\\"f\\":{\\"f\\":[[\\"0\\",1],[\\"1\\",2],[\\"2\\",\\"A\\"],[\\"3\\",\\"B\\"],[\\"4\\",\\"C\\"],[\\"5\\",5],[\\"length\\",6,3]]},\\"$\\":\\"@effectful/debugger/obj#snapshot\\"}]]}],[\\"operations\\",{\\"s\\":{\\"r\\":0},\\"P\\":{\\"f\\":[[\\"prev\\",{\\"$\\":\\"undefined\\"}],[{\\"$\\":\\"#fun\\"},{\\"r\\":1}],[{\\"$\\":\\"#this\\"},null],[{\\"$\\":\\"#args\\"},[{\\"f\\":[[\\"top\\",null],[\\"debug\\",true],[\\"brk\\",null],[\\"value\\",{\\"$\\":\\"undefined\\"}]]}]]],\\"$\\":\\"#b\\"},\\"f\\":{\\"f\\":[[\\"0\\",\\"A\\"],[\\"1\\",1],[\\"2\\",2],[\\"3\\",\\"A\\"],[\\"4\\",\\"B\\"],[\\"5\\",\\"C\\"],[\\"6\\",5],[\\"7\\",\\"Z\\"],[\\"length\\",8,3],[\\"deb_hi\\",\\"there\\"]]},\\"$\\":\\"@effectful/debugger/obj#snapshot\\"}]]}],[\\"data\\",{\\"r\\":0}]],\\"x\\":[[2,\\"A\\",\\"B\\",\\"C\\",\\"a\\",\\"z\\"],{\\"$\\":\\"@effectful/debug/reset#ctx\\"}]}"`;

exports[`time traveling Closures tracing 1`] = `
Array [
  Array [
    "INIT",
    Array [
      Object {
        "i": 0,
        "u": 14,
      },
      Object {
        "i": 1,
        "u": 24,
      },
      Object {
        "i": 2,
        "u": 34,
      },
      Object {
        "i": 11,
        "u": 124,
      },
      Object {
        "i": 12,
        "u": 134,
      },
      Object {
        "i": 13,
        "u": 144,
      },
      Object {
        "i": 14,
        "u": 154,
      },
    ],
    Map {
      Object {
        "i": 0,
        "u": 14,
      } => 0,
      Object {
        "i": 1,
        "u": 24,
      } => 1,
      Object {
        "i": 2,
        "u": 34,
      } => 2,
      Object {
        "i": 11,
        "u": 124,
      } => 11,
      Object {
        "i": 12,
        "u": 134,
      } => 12,
      Object {
        "i": 13,
        "u": 144,
      } => 13,
      Object {
        "i": 14,
        "u": 154,
      } => 14,
    },
    Set {
      0,
      1,
      2,
      11,
      12,
      13,
      14,
    },
  ],
  Array [
    "STEP",
    0,
    0,
    "{\\"tr\\":[{\\"i\\":0,\\"u\\":0}],\\"dir\\":[[{\\"i\\":0,\\"u\\":0},0]],\\"set\\":[0]}",
  ],
  Array [
    "STEP",
    1,
    1,
    "{\\"tr\\":[{\\"i\\":0,\\"u\\":1},{\\"i\\":1,\\"u\\":11}],\\"dir\\":[[{\\"i\\":0,\\"u\\":1},0],[{\\"i\\":1,\\"u\\":11},1]],\\"set\\":[0,1]}",
  ],
  Array [
    "STEP",
    2,
    2,
    "{\\"tr\\":[{\\"i\\":0,\\"u\\":2},{\\"i\\":1,\\"u\\":12},{\\"i\\":2,\\"u\\":22}],\\"dir\\":[[{\\"i\\":0,\\"u\\":2},0],[{\\"i\\":1,\\"u\\":12},1],[{\\"i\\":2,\\"u\\":22},2]],\\"set\\":[0,1,2]}",
  ],
  Array [
    "SAVE",
    Array [
      Object {
        "i": 0,
        "u": 14,
      },
      Object {
        "i": 1,
        "u": 24,
      },
      Object {
        "i": 2,
        "u": 34,
      },
      Object {
        "i": 11,
        "u": 124,
      },
      Object {
        "i": 12,
        "u": 134,
      },
      Object {
        "i": 13,
        "u": 144,
      },
      Object {
        "i": 14,
        "u": 154,
      },
    ],
    Map {
      Object {
        "i": 0,
        "u": 14,
      } => 0,
      Object {
        "i": 1,
        "u": 24,
      } => 1,
      Object {
        "i": 2,
        "u": 34,
      } => 2,
      Object {
        "i": 11,
        "u": 124,
      } => 11,
      Object {
        "i": 12,
        "u": 134,
      } => 12,
      Object {
        "i": 13,
        "u": 144,
      } => 13,
      Object {
        "i": 14,
        "u": 154,
      } => 14,
    },
    Set {
      0,
      1,
      2,
      11,
      12,
      13,
      14,
    },
  ],
  Array [
    "STEP",
    3,
    3,
    "{\\"tr\\":[{\\"i\\":0,\\"u\\":3},{\\"i\\":1,\\"u\\":13},{\\"i\\":2,\\"u\\":23},{\\"i\\":3,\\"u\\":33}],\\"dir\\":[[{\\"i\\":0,\\"u\\":3},0],[{\\"i\\":1,\\"u\\":13},1],[{\\"i\\":2,\\"u\\":23},2],[{\\"i\\":3,\\"u\\":33},3]],\\"set\\":[0,1,2,3]}",
  ],
  Array [
    "STEP",
    4,
    4,
    "{\\"tr\\":[{\\"i\\":0,\\"u\\":4},{\\"i\\":1,\\"u\\":14},{\\"i\\":2,\\"u\\":24},{\\"i\\":3,\\"u\\":34},{\\"i\\":4,\\"u\\":44}],\\"dir\\":[[{\\"i\\":0,\\"u\\":4},0],[{\\"i\\":1,\\"u\\":14},1],[{\\"i\\":2,\\"u\\":24},2],[{\\"i\\":3,\\"u\\":34},3],[{\\"i\\":4,\\"u\\":44},4]],\\"set\\":[0,1,2,3,4]}",
  ],
  Array [
    "STEP",
    5,
    5,
    "{\\"tr\\":[{\\"i\\":0,\\"u\\":5},{\\"i\\":1,\\"u\\":15},{\\"i\\":2,\\"u\\":25},{\\"i\\":3,\\"u\\":35},{\\"i\\":4,\\"u\\":45},{\\"i\\":5,\\"u\\":55}],\\"dir\\":[[{\\"i\\":0,\\"u\\":5},0],[{\\"i\\":1,\\"u\\":15},1],[{\\"i\\":2,\\"u\\":25},2],[{\\"i\\":3,\\"u\\":35},3],[{\\"i\\":4,\\"u\\":45},4],[{\\"i\\":5,\\"u\\":55},5]],\\"set\\":[0,1,2,3,4,5]}",
  ],
  Array [
    "STEP",
    6,
    6,
    "{\\"tr\\":[{\\"i\\":0,\\"u\\":6},{\\"i\\":1,\\"u\\":16},{\\"i\\":2,\\"u\\":26},{\\"i\\":3,\\"u\\":36},{\\"i\\":4,\\"u\\":46},{\\"i\\":5,\\"u\\":56},{\\"i\\":6,\\"u\\":66}],\\"dir\\":[[{\\"i\\":0,\\"u\\":6},0],[{\\"i\\":1,\\"u\\":16},1],[{\\"i\\":2,\\"u\\":26},2],[{\\"i\\":3,\\"u\\":36},3],[{\\"i\\":4,\\"u\\":46},4],[{\\"i\\":5,\\"u\\":56},5],[{\\"i\\":6,\\"u\\":66},6]],\\"set\\":[0,1,2,3,4,5,6]}",
  ],
  Array [
    "UNDO",
  ],
  Array [
    "STEP",
    7,
    7,
    "{\\"tr\\":[{\\"i\\":0,\\"u\\":7},{\\"i\\":1,\\"u\\":17},{\\"i\\":2,\\"u\\":27},{\\"i\\":7,\\"u\\":77}],\\"dir\\":[[{\\"i\\":0,\\"u\\":7},0],[{\\"i\\":1,\\"u\\":17},1],[{\\"i\\":2,\\"u\\":27},2],[{\\"i\\":7,\\"u\\":77},7]],\\"set\\":[0,1,2,7]}",
  ],
  Array [
    "STEP",
    8,
    8,
    "{\\"tr\\":[{\\"i\\":0,\\"u\\":8},{\\"i\\":1,\\"u\\":18},{\\"i\\":2,\\"u\\":28},{\\"i\\":7,\\"u\\":78},{\\"i\\":8,\\"u\\":88}],\\"dir\\":[[{\\"i\\":0,\\"u\\":8},0],[{\\"i\\":1,\\"u\\":18},1],[{\\"i\\":2,\\"u\\":28},2],[{\\"i\\":7,\\"u\\":78},7],[{\\"i\\":8,\\"u\\":88},8]],\\"set\\":[0,1,2,7,8]}",
  ],
  Array [
    "SAVE2",
  ],
  Array [
    "STEP",
    9,
    9,
    "{\\"tr\\":[{\\"i\\":0,\\"u\\":9},{\\"i\\":1,\\"u\\":19},{\\"i\\":2,\\"u\\":29},{\\"i\\":7,\\"u\\":79},{\\"i\\":8,\\"u\\":89},{\\"i\\":9,\\"u\\":99}],\\"dir\\":[[{\\"i\\":0,\\"u\\":9},0],[{\\"i\\":1,\\"u\\":19},1],[{\\"i\\":2,\\"u\\":29},2],[{\\"i\\":7,\\"u\\":79},7],[{\\"i\\":8,\\"u\\":89},8],[{\\"i\\":9,\\"u\\":99},9]],\\"set\\":[0,1,2,7,8,9]}",
  ],
  Array [
    "STEP",
    10,
    10,
    "{\\"tr\\":[{\\"i\\":0,\\"u\\":10},{\\"i\\":1,\\"u\\":20},{\\"i\\":2,\\"u\\":30},{\\"i\\":7,\\"u\\":80},{\\"i\\":8,\\"u\\":90},{\\"i\\":9,\\"u\\":100},{\\"i\\":10,\\"u\\":110}],\\"dir\\":[[{\\"i\\":0,\\"u\\":10},0],[{\\"i\\":1,\\"u\\":20},1],[{\\"i\\":2,\\"u\\":30},2],[{\\"i\\":7,\\"u\\":80},7],[{\\"i\\":8,\\"u\\":90},8],[{\\"i\\":9,\\"u\\":100},9],[{\\"i\\":10,\\"u\\":110},10]],\\"set\\":[0,1,2,7,8,9,10]}",
  ],
  Array [
    "UNDO SAVE2",
  ],
  Array [
    "STEP",
    11,
    11,
    "{\\"tr\\":[{\\"i\\":0,\\"u\\":11},{\\"i\\":1,\\"u\\":21},{\\"i\\":2,\\"u\\":31},{\\"i\\":11,\\"u\\":121}],\\"dir\\":[[{\\"i\\":0,\\"u\\":11},0],[{\\"i\\":1,\\"u\\":21},1],[{\\"i\\":2,\\"u\\":31},2],[{\\"i\\":11,\\"u\\":121},11]],\\"set\\":[0,1,2,11]}",
  ],
  Array [
    "STEP",
    12,
    12,
    "{\\"tr\\":[{\\"i\\":0,\\"u\\":12},{\\"i\\":1,\\"u\\":22},{\\"i\\":2,\\"u\\":32},{\\"i\\":11,\\"u\\":122},{\\"i\\":12,\\"u\\":132}],\\"dir\\":[[{\\"i\\":0,\\"u\\":12},0],[{\\"i\\":1,\\"u\\":22},1],[{\\"i\\":2,\\"u\\":32},2],[{\\"i\\":11,\\"u\\":122},11],[{\\"i\\":12,\\"u\\":132},12]],\\"set\\":[0,1,2,11,12]}",
  ],
  Array [
    "UNDO SAVE",
  ],
  Array [
    13,
  ],
  Array [
    "UNDO SAVE1",
  ],
  Array [
    14,
  ],
]
`;

exports[`time traveling Map tracing 1`] = `"{\\"f\\":[[\\"now\\",{\\"f\\":[[\\"objectSnapshots\\",null],[\\"dataSnapshots\\",{\\"$\\":\\"Set\\",\\"l\\":[{\\"r\\":0}]}],[\\"prev\\",null],[\\"operations\\",{\\"f\\":[[\\"prev\\",{\\"f\\":[[\\"prev\\",{\\"$\\":\\"undefined\\"}],[{\\"$\\":\\"#fun\\"},{\\"r\\":1}],[{\\"$\\":\\"#this\\"},null],[{\\"$\\":\\"#args\\"},[{\\"f\\":[[\\"top\\",null],[\\"debug\\",true],[\\"brk\\",null],[\\"value\\",{\\"$\\":\\"undefined\\"}]]}]]],\\"$\\":\\"#b\\"}],[{\\"$\\":\\"#fun\\"},{\\"r\\":2}],[{\\"$\\":\\"#this\\"},{\\"r\\":0}],[{\\"$\\":\\"#args\\"},[[]]]],\\"$\\":\\"#b\\"}]]}],[\\"future\\",null],[\\"past\\",{\\"f\\":[[\\"objectSnapshots\\",null],[\\"dataSnapshots\\",{\\"$\\":\\"Set\\",\\"l\\":[{\\"r\\":0}]}],[\\"prev\\",{\\"f\\":[[\\"objectSnapshots\\",{\\"$\\":\\"Set\\",\\"l\\":[{\\"r\\":0}]}],[\\"dataSnapshots\\",{\\"$\\":\\"Set\\",\\"l\\":[{\\"r\\":0}]}],[\\"prev\\",null],[\\"operations\\",{\\"f\\":[[\\"prev\\",{\\"s\\":{\\"r\\":0},\\"P\\":{\\"f\\":[[\\"prev\\",{\\"$\\":\\"undefined\\"}],[{\\"$\\":\\"#fun\\"},{\\"r\\":1}],[{\\"$\\":\\"#this\\"},null],[{\\"$\\":\\"#args\\"},[{\\"f\\":[[\\"top\\",null],[\\"debug\\",true],[\\"brk\\",null],[\\"value\\",{\\"$\\":\\"undefined\\"}]]}]]],\\"$\\":\\"#b\\"},\\"f\\":{\\"f\\":[[\\"deb_hi\\",\\"there\\"]]},\\"$\\":\\"@effectful/debugger/obj#snapshot\\"}],[{\\"$\\":\\"#fun\\"},{\\"r\\":2}],[{\\"$\\":\\"#this\\"},{\\"r\\":0}],[{\\"$\\":\\"#args\\"},[[[1,\\"A\\"],[2,\\"B\\"],[3,\\"C\\"]]]]],\\"$\\":\\"#b\\"}]]}],[\\"operations\\",{\\"f\\":[[\\"prev\\",{\\"f\\":[[\\"prev\\",{\\"$\\":\\"undefined\\"}],[{\\"$\\":\\"#fun\\"},{\\"r\\":1}],[{\\"$\\":\\"#this\\"},null],[{\\"$\\":\\"#args\\"},[{\\"f\\":[[\\"top\\",null],[\\"debug\\",true],[\\"brk\\",null],[\\"value\\",{\\"$\\":\\"undefined\\"}]]}]]],\\"$\\":\\"#b\\"}],[{\\"$\\":\\"#fun\\"},{\\"r\\":2}],[{\\"$\\":\\"#this\\"},{\\"r\\":0}],[{\\"$\\":\\"#args\\"},[[[1,\\"D\\"],[3,\\"E\\"],[4,\\"F\\"]]]]],\\"$\\":\\"#b\\"}]]}],[\\"data\\",{\\"r\\":0}]],\\"x\\":[{\\"k\\":[2,1],\\"v\\":[\\"E\\",\\"F\\"],\\"f\\":[[\\"deb_hi\\",\\"THERE\\"]],\\"$\\":\\"Map\\"},{\\"$\\":\\"@effectful/debug/reset#ctx\\"},{\\"$\\":\\"@effectful/debugger/map#restore\\"}]}"`;

exports[`time traveling Object tracing 1`] = `"{\\"f\\":[[\\"now\\",{\\"f\\":[[\\"objectSnapshots\\",{\\"$\\":\\"Set\\",\\"l\\":[{\\"r\\":0}]}],[\\"dataSnapshots\\",null],[\\"prev\\",null],[\\"operations\\",{\\"s\\":{\\"r\\":0},\\"P\\":{\\"f\\":[[\\"prev\\",{\\"$\\":\\"undefined\\"}],[{\\"$\\":\\"#fun\\"},{\\"r\\":1}],[{\\"$\\":\\"#this\\"},null],[{\\"$\\":\\"#args\\"},[{\\"f\\":[[\\"top\\",null],[\\"debug\\",true],[\\"brk\\",null],[\\"value\\",{\\"$\\":\\"undefined\\"}]]}]]],\\"$\\":\\"#b\\"},\\"f\\":{\\"f\\":[[\\"c\\",\\"C\\"],[\\"a\\",\\"a\\"],[\\"z\\",null,12,{\\"$\\":\\"GET\\"}],[{\\"$\\":\\"Symbol(S)\\"},\\"s\\"]]},\\"$\\":\\"@effectful/debugger/obj#snapshot\\"}]]}],[\\"future\\",null],[\\"past\\",{\\"f\\":[[\\"objectSnapshots\\",{\\"$\\":\\"Set\\",\\"l\\":[{\\"r\\":0}]}],[\\"dataSnapshots\\",null],[\\"prev\\",null],[\\"operations\\",{\\"f\\":[[\\"prev\\",{\\"s\\":{\\"r\\":0},\\"P\\":{\\"f\\":[[\\"prev\\",{\\"$\\":\\"undefined\\"}],[{\\"$\\":\\"#fun\\"},{\\"r\\":1}],[{\\"$\\":\\"#this\\"},null],[{\\"$\\":\\"#args\\"},[{\\"f\\":[[\\"top\\",null],[\\"debug\\",true],[\\"brk\\",null],[\\"value\\",{\\"$\\":\\"undefined\\"}]]}]]],\\"$\\":\\"#b\\"},\\"f\\":{\\"f\\":[[\\"c\\",\\"C\\"],[\\"a\\",\\"A\\"],[\\"b\\",\\"B\\"],[{\\"$\\":\\"Symbol(S)\\"},\\"S\\"]]},\\"$\\":\\"@effectful/debugger/obj#snapshot\\"}],[{\\"$\\":\\"#fun\\"},{\\"$\\":\\"@effectful/debugger/obj#setp\\"}],[{\\"$\\":\\"#this\\"},{\\"$\\":\\"Object_1\\"}],[{\\"$\\":\\"#args\\"},[{\\"r\\":0},{}]]],\\"$\\":\\"#b\\"}]]}],[\\"data\\",{\\"r\\":0}]],\\"x\\":[{\\"p\\":null,\\"f\\":[[\\"c\\",\\"C\\"],[\\"a\\",\\"_a\\"],[\\"z\\",\\"Z\\",4],[\\"d\\",\\"D\\"],[{\\"$\\":\\"Symbol(S)\\"},\\"_s\\"]]},{\\"$\\":\\"@effectful/debug/reset#ctx\\"}]}"`;

exports[`time traveling Set tracing 1`] = `"{\\"f\\":[[\\"now\\",{\\"f\\":[[\\"objectSnapshots\\",null],[\\"dataSnapshots\\",{\\"$\\":\\"Set\\",\\"l\\":[{\\"r\\":0}]}],[\\"prev\\",null],[\\"operations\\",{\\"f\\":[[\\"prev\\",{\\"f\\":[[\\"prev\\",{\\"$\\":\\"undefined\\"}],[{\\"$\\":\\"#fun\\"},{\\"r\\":1}],[{\\"$\\":\\"#this\\"},null],[{\\"$\\":\\"#args\\"},[{\\"f\\":[[\\"top\\",null],[\\"debug\\",true],[\\"brk\\",null],[\\"value\\",{\\"$\\":\\"undefined\\"}]]}]]],\\"$\\":\\"#b\\"}],[{\\"$\\":\\"#fun\\"},{\\"r\\":2}],[{\\"$\\":\\"#this\\"},{\\"r\\":0}],[{\\"$\\":\\"#args\\"},[[]]]],\\"$\\":\\"#b\\"}]]}],[\\"future\\",null],[\\"past\\",{\\"f\\":[[\\"objectSnapshots\\",null],[\\"dataSnapshots\\",{\\"$\\":\\"Set\\",\\"l\\":[{\\"r\\":0}]}],[\\"prev\\",{\\"f\\":[[\\"objectSnapshots\\",{\\"$\\":\\"Set\\",\\"l\\":[{\\"r\\":0}]}],[\\"dataSnapshots\\",{\\"$\\":\\"Set\\",\\"l\\":[{\\"r\\":0}]}],[\\"prev\\",null],[\\"operations\\",{\\"f\\":[[\\"prev\\",{\\"s\\":{\\"r\\":0},\\"P\\":{\\"f\\":[[\\"prev\\",{\\"$\\":\\"undefined\\"}],[{\\"$\\":\\"#fun\\"},{\\"r\\":1}],[{\\"$\\":\\"#this\\"},null],[{\\"$\\":\\"#args\\"},[{\\"f\\":[[\\"top\\",null],[\\"debug\\",true],[\\"brk\\",null],[\\"value\\",{\\"$\\":\\"undefined\\"}]]}]]],\\"$\\":\\"#b\\"},\\"f\\":{\\"f\\":[[\\"deb_hi\\",\\"there\\"]]},\\"$\\":\\"@effectful/debugger/obj#snapshot\\"}],[{\\"$\\":\\"#fun\\"},{\\"r\\":2}],[{\\"$\\":\\"#this\\"},{\\"r\\":0}],[{\\"$\\":\\"#args\\"},[[1,2,3]]]],\\"$\\":\\"#b\\"}]]}],[\\"operations\\",{\\"f\\":[[\\"prev\\",{\\"f\\":[[\\"prev\\",{\\"$\\":\\"undefined\\"}],[{\\"$\\":\\"#fun\\"},{\\"r\\":1}],[{\\"$\\":\\"#this\\"},null],[{\\"$\\":\\"#args\\"},[{\\"f\\":[[\\"top\\",null],[\\"debug\\",true],[\\"brk\\",null],[\\"value\\",{\\"$\\":\\"undefined\\"}]]}]]],\\"$\\":\\"#b\\"}],[{\\"$\\":\\"#fun\\"},{\\"r\\":2}],[{\\"$\\":\\"#this\\"},{\\"r\\":0}],[{\\"$\\":\\"#args\\"},[[2,4,1]]]],\\"$\\":\\"#b\\"}]]}],[\\"data\\",{\\"r\\":0}]],\\"x\\":[{\\"$\\":\\"Set\\",\\"l\\":[8],\\"f\\":[[\\"deb_hi\\",\\"THERE\\"]]},{\\"$\\":\\"@effectful/debug/reset#ctx\\"},{\\"$\\":\\"@effectful/debugger/set#restore\\"}]}"`;
