// Jest Snapshot v1, https://goo.gl/fbAQLP

exports[`time traveling captured state 1`] = `
Array [
  Array [
    "INIT",
    Array [
      Object {
        "i": 0,
        "u": 3,
      },
      Object {
        "i": 1,
        "u": 13,
      },
      Object {
        "i": 2,
        "u": 23,
      },
      Object {
        "i": 3,
        "u": 33,
      },
      Object {
        "i": 4,
        "u": 43,
      },
      Object {
        "i": 5,
        "u": 53,
      },
      Object {
        "i": 6,
        "u": 63,
      },
      Object {
        "i": 3,
        "u": 33,
      },
      Object {
        "i": 4,
        "u": 43,
      },
      Object {
        "i": 5,
        "u": 53,
      },
      Object {
        "i": 6,
        "u": 63,
      },
      Object {
        "i": 3,
        "u": 33,
      },
      Object {
        "i": 4,
        "u": 43,
      },
      Object {
        "i": 5,
        "u": 53,
      },
      Object {
        "i": 3,
        "u": 33,
      },
    ],
    Map {
      Object {
        "i": 0,
        "u": 3,
      } => 0,
      Object {
        "i": 1,
        "u": 13,
      } => 1,
      Object {
        "i": 2,
        "u": 23,
      } => 2,
      Object {
        "i": 3,
        "u": 33,
      } => 3,
      Object {
        "i": 4,
        "u": 43,
      } => 4,
      Object {
        "i": 5,
        "u": 53,
      } => 5,
      Object {
        "i": 6,
        "u": 63,
      } => 6,
      Object {
        "i": 3,
        "u": 33,
      } => 3,
      Object {
        "i": 4,
        "u": 43,
      } => 4,
      Object {
        "i": 5,
        "u": 53,
      } => 5,
      Object {
        "i": 6,
        "u": 63,
      } => 6,
      Object {
        "i": 3,
        "u": 33,
      } => 3,
      Object {
        "i": 4,
        "u": 43,
      } => 4,
      Object {
        "i": 5,
        "u": 53,
      } => 5,
      Object {
        "i": 3,
        "u": 33,
      } => 3,
    },
    Set {
      0,
      1,
      2,
      3,
      4,
      5,
      6,
    },
  ],
  Array [
    "STEP",
    0,
    0,
    "{\\"tr\\":[{\\"i\\":0,\\"u\\":0}],\\"dir\\":[[{\\"i\\":0,\\"u\\":0},0]],\\"set\\":[0]}",
  ],
  Array [
    "STEP",
    1,
    1,
    "{\\"tr\\":[{\\"i\\":0,\\"u\\":1},{\\"i\\":1,\\"u\\":11}],\\"dir\\":[[{\\"i\\":0,\\"u\\":1},0],[{\\"i\\":1,\\"u\\":11},1]],\\"set\\":[0,1]}",
  ],
  Array [
    "STEP",
    2,
    2,
    "{\\"tr\\":[{\\"i\\":0,\\"u\\":2},{\\"i\\":1,\\"u\\":12},{\\"i\\":2,\\"u\\":22}],\\"dir\\":[[{\\"i\\":0,\\"u\\":2},0],[{\\"i\\":1,\\"u\\":12},1],[{\\"i\\":2,\\"u\\":22},2]],\\"set\\":[0,1,2]}",
  ],
  Array [
    "SAVE",
    Array [
      Object {
        "i": 0,
        "u": 3,
      },
      Object {
        "i": 1,
        "u": 13,
      },
      Object {
        "i": 2,
        "u": 23,
      },
      Object {
        "i": 3,
        "u": 33,
      },
      Object {
        "i": 4,
        "u": 43,
      },
      Object {
        "i": 5,
        "u": 53,
      },
      Object {
        "i": 6,
        "u": 63,
      },
      Object {
        "i": 3,
        "u": 33,
      },
      Object {
        "i": 4,
        "u": 43,
      },
      Object {
        "i": 5,
        "u": 53,
      },
      Object {
        "i": 6,
        "u": 63,
      },
      Object {
        "i": 3,
        "u": 33,
      },
      Object {
        "i": 4,
        "u": 43,
      },
      Object {
        "i": 5,
        "u": 53,
      },
      Object {
        "i": 3,
        "u": 33,
      },
    ],
    Map {
      Object {
        "i": 0,
        "u": 3,
      } => 0,
      Object {
        "i": 1,
        "u": 13,
      } => 1,
      Object {
        "i": 2,
        "u": 23,
      } => 2,
      Object {
        "i": 3,
        "u": 33,
      } => 3,
      Object {
        "i": 4,
        "u": 43,
      } => 4,
      Object {
        "i": 5,
        "u": 53,
      } => 5,
      Object {
        "i": 6,
        "u": 63,
      } => 6,
      Object {
        "i": 3,
        "u": 33,
      } => 3,
      Object {
        "i": 4,
        "u": 43,
      } => 4,
      Object {
        "i": 5,
        "u": 53,
      } => 5,
      Object {
        "i": 6,
        "u": 63,
      } => 6,
      Object {
        "i": 3,
        "u": 33,
      } => 3,
      Object {
        "i": 4,
        "u": 43,
      } => 4,
      Object {
        "i": 5,
        "u": 53,
      } => 5,
      Object {
        "i": 3,
        "u": 33,
      } => 3,
    },
    Set {
      0,
      1,
      2,
      3,
      4,
      5,
      6,
    },
  ],
  Array [
    "STEP",
    3,
    3,
    "{\\"tr\\":[{\\"i\\":0,\\"u\\":3},{\\"i\\":1,\\"u\\":13},{\\"i\\":2,\\"u\\":23},{\\"i\\":3,\\"u\\":33}],\\"dir\\":[[{\\"i\\":0,\\"u\\":3},0],[{\\"i\\":1,\\"u\\":13},1],[{\\"i\\":2,\\"u\\":23},2],[{\\"i\\":3,\\"u\\":33},3]],\\"set\\":[0,1,2,3]}",
  ],
  Array [
    "STEP",
    4,
    4,
    "{\\"tr\\":[{\\"i\\":0,\\"u\\":4},{\\"i\\":1,\\"u\\":14},{\\"i\\":2,\\"u\\":24},{\\"i\\":3,\\"u\\":34},{\\"i\\":4,\\"u\\":44}],\\"dir\\":[[{\\"i\\":0,\\"u\\":4},0],[{\\"i\\":1,\\"u\\":14},1],[{\\"i\\":2,\\"u\\":24},2],[{\\"i\\":3,\\"u\\":34},3],[{\\"i\\":4,\\"u\\":44},4]],\\"set\\":[0,1,2,3,4]}",
  ],
  Array [
    "STEP",
    5,
    5,
    "{\\"tr\\":[{\\"i\\":0,\\"u\\":5},{\\"i\\":1,\\"u\\":15},{\\"i\\":2,\\"u\\":25},{\\"i\\":3,\\"u\\":35},{\\"i\\":4,\\"u\\":45},{\\"i\\":5,\\"u\\":55}],\\"dir\\":[[{\\"i\\":0,\\"u\\":5},0],[{\\"i\\":1,\\"u\\":15},1],[{\\"i\\":2,\\"u\\":25},2],[{\\"i\\":3,\\"u\\":35},3],[{\\"i\\":4,\\"u\\":45},4],[{\\"i\\":5,\\"u\\":55},5]],\\"set\\":[0,1,2,3,4,5]}",
  ],
  Array [
    "STEP",
    6,
    6,
    "{\\"tr\\":[{\\"i\\":0,\\"u\\":6},{\\"i\\":1,\\"u\\":16},{\\"i\\":2,\\"u\\":26},{\\"i\\":3,\\"u\\":36},{\\"i\\":4,\\"u\\":46},{\\"i\\":5,\\"u\\":56},{\\"i\\":6,\\"u\\":66}],\\"dir\\":[[{\\"i\\":0,\\"u\\":6},0],[{\\"i\\":1,\\"u\\":16},1],[{\\"i\\":2,\\"u\\":26},2],[{\\"i\\":3,\\"u\\":36},3],[{\\"i\\":4,\\"u\\":46},4],[{\\"i\\":5,\\"u\\":56},5],[{\\"i\\":6,\\"u\\":66},6]],\\"set\\":[0,1,2,3,4,5,6]}",
  ],
  Array [
    "UNDO",
  ],
  Array [
    "STEP",
    7,
    3,
    "{\\"tr\\":[{\\"i\\":0,\\"u\\":3},{\\"i\\":1,\\"u\\":13},{\\"i\\":2,\\"u\\":23},{\\"i\\":3,\\"u\\":33},{\\"i\\":4,\\"u\\":43},{\\"i\\":5,\\"u\\":53},{\\"i\\":6,\\"u\\":63},{\\"i\\":3,\\"u\\":33}],\\"dir\\":[[{\\"i\\":0,\\"u\\":3},0],[{\\"i\\":1,\\"u\\":13},1],[{\\"i\\":2,\\"u\\":23},2],[{\\"i\\":3,\\"u\\":33},3],[{\\"i\\":4,\\"u\\":43},4],[{\\"i\\":5,\\"u\\":53},5],[{\\"i\\":6,\\"u\\":63},6],[{\\"i\\":3,\\"u\\":33},3]],\\"set\\":[0,1,2,3,4,5,6]}",
  ],
  Array [
    "STEP",
    8,
    4,
    "{\\"tr\\":[{\\"i\\":0,\\"u\\":4},{\\"i\\":1,\\"u\\":14},{\\"i\\":2,\\"u\\":24},{\\"i\\":3,\\"u\\":34},{\\"i\\":4,\\"u\\":44},{\\"i\\":5,\\"u\\":54},{\\"i\\":6,\\"u\\":64},{\\"i\\":3,\\"u\\":34},{\\"i\\":4,\\"u\\":44}],\\"dir\\":[[{\\"i\\":0,\\"u\\":4},0],[{\\"i\\":1,\\"u\\":14},1],[{\\"i\\":2,\\"u\\":24},2],[{\\"i\\":3,\\"u\\":34},3],[{\\"i\\":4,\\"u\\":44},4],[{\\"i\\":5,\\"u\\":54},5],[{\\"i\\":6,\\"u\\":64},6],[{\\"i\\":3,\\"u\\":34},3],[{\\"i\\":4,\\"u\\":44},4]],\\"set\\":[0,1,2,3,4,5,6]}",
  ],
  Array [
    "SAVE2",
  ],
  Array [
    "STEP",
    9,
    5,
    "{\\"tr\\":[{\\"i\\":0,\\"u\\":5},{\\"i\\":1,\\"u\\":15},{\\"i\\":2,\\"u\\":25},{\\"i\\":3,\\"u\\":35},{\\"i\\":4,\\"u\\":45},{\\"i\\":5,\\"u\\":55},{\\"i\\":6,\\"u\\":65},{\\"i\\":3,\\"u\\":35},{\\"i\\":4,\\"u\\":45},{\\"i\\":5,\\"u\\":55}],\\"dir\\":[[{\\"i\\":0,\\"u\\":5},0],[{\\"i\\":1,\\"u\\":15},1],[{\\"i\\":2,\\"u\\":25},2],[{\\"i\\":3,\\"u\\":35},3],[{\\"i\\":4,\\"u\\":45},4],[{\\"i\\":5,\\"u\\":55},5],[{\\"i\\":6,\\"u\\":65},6],[{\\"i\\":3,\\"u\\":35},3],[{\\"i\\":4,\\"u\\":45},4],[{\\"i\\":5,\\"u\\":55},5]],\\"set\\":[0,1,2,3,4,5,6]}",
  ],
  Array [
    "STEP",
    10,
    6,
    "{\\"tr\\":[{\\"i\\":0,\\"u\\":6},{\\"i\\":1,\\"u\\":16},{\\"i\\":2,\\"u\\":26},{\\"i\\":3,\\"u\\":36},{\\"i\\":4,\\"u\\":46},{\\"i\\":5,\\"u\\":56},{\\"i\\":6,\\"u\\":66},{\\"i\\":3,\\"u\\":36},{\\"i\\":4,\\"u\\":46},{\\"i\\":5,\\"u\\":56},{\\"i\\":6,\\"u\\":66}],\\"dir\\":[[{\\"i\\":0,\\"u\\":6},0],[{\\"i\\":1,\\"u\\":16},1],[{\\"i\\":2,\\"u\\":26},2],[{\\"i\\":3,\\"u\\":36},3],[{\\"i\\":4,\\"u\\":46},4],[{\\"i\\":5,\\"u\\":56},5],[{\\"i\\":6,\\"u\\":66},6],[{\\"i\\":3,\\"u\\":36},3],[{\\"i\\":4,\\"u\\":46},4],[{\\"i\\":5,\\"u\\":56},5],[{\\"i\\":6,\\"u\\":66},6]],\\"set\\":[0,1,2,3,4,5,6]}",
  ],
  Array [
    "UNDO SAVE2",
  ],
  Array [
    "STEP",
    11,
    3,
    "{\\"tr\\":[{\\"i\\":0,\\"u\\":3},{\\"i\\":1,\\"u\\":13},{\\"i\\":2,\\"u\\":23},{\\"i\\":3,\\"u\\":33},{\\"i\\":4,\\"u\\":43},{\\"i\\":5,\\"u\\":53},{\\"i\\":6,\\"u\\":63},{\\"i\\":3,\\"u\\":33},{\\"i\\":4,\\"u\\":43},{\\"i\\":5,\\"u\\":53},{\\"i\\":6,\\"u\\":63},{\\"i\\":3,\\"u\\":33}],\\"dir\\":[[{\\"i\\":0,\\"u\\":3},0],[{\\"i\\":1,\\"u\\":13},1],[{\\"i\\":2,\\"u\\":23},2],[{\\"i\\":3,\\"u\\":33},3],[{\\"i\\":4,\\"u\\":43},4],[{\\"i\\":5,\\"u\\":53},5],[{\\"i\\":6,\\"u\\":63},6],[{\\"i\\":3,\\"u\\":33},3],[{\\"i\\":4,\\"u\\":43},4],[{\\"i\\":5,\\"u\\":53},5],[{\\"i\\":6,\\"u\\":63},6],[{\\"i\\":3,\\"u\\":33},3]],\\"set\\":[0,1,2,3,4,5,6]}",
  ],
  Array [
    "STEP",
    12,
    4,
    "{\\"tr\\":[{\\"i\\":0,\\"u\\":4},{\\"i\\":1,\\"u\\":14},{\\"i\\":2,\\"u\\":24},{\\"i\\":3,\\"u\\":34},{\\"i\\":4,\\"u\\":44},{\\"i\\":5,\\"u\\":54},{\\"i\\":6,\\"u\\":64},{\\"i\\":3,\\"u\\":34},{\\"i\\":4,\\"u\\":44},{\\"i\\":5,\\"u\\":54},{\\"i\\":6,\\"u\\":64},{\\"i\\":3,\\"u\\":34},{\\"i\\":4,\\"u\\":44}],\\"dir\\":[[{\\"i\\":0,\\"u\\":4},0],[{\\"i\\":1,\\"u\\":14},1],[{\\"i\\":2,\\"u\\":24},2],[{\\"i\\":3,\\"u\\":34},3],[{\\"i\\":4,\\"u\\":44},4],[{\\"i\\":5,\\"u\\":54},5],[{\\"i\\":6,\\"u\\":64},6],[{\\"i\\":3,\\"u\\":34},3],[{\\"i\\":4,\\"u\\":44},4],[{\\"i\\":5,\\"u\\":54},5],[{\\"i\\":6,\\"u\\":64},6],[{\\"i\\":3,\\"u\\":34},3],[{\\"i\\":4,\\"u\\":44},4]],\\"set\\":[0,1,2,3,4,5,6]}",
  ],
  Array [
    "UNDO SAVE",
  ],
  Array [
    5,
  ],
  Array [
    "UNDO SAVE1",
  ],
  Array [
    3,
  ],
]
`;
